------------------------------------------------------------
Timing Analyzer Summary
------------------------------------------------------------

Type  : Slow 1100mV 85C Model Setup 'altera_reserved_tck'
Slack : 12.421
TNS   : 0.000

Type  : Slow 1100mV 85C Model Setup 'generated_lf_clk'
Slack : 491.275
TNS   : 0.000

Type  : Slow 1100mV 85C Model Hold 'generated_lf_clk'
Slack : 0.334
TNS   : 0.000

Type  : Slow 1100mV 85C Model Hold 'altera_reserved_tck'
Slack : 0.507
TNS   : 0.000

Type  : Slow 1100mV 85C Model Recovery 'altera_reserved_tck'
Slack : 30.411
TNS   : 0.000

Type  : Slow 1100mV 85C Model Removal 'altera_reserved_tck'
Slack : 0.725
TNS   : 0.000

Type  : Slow 1100mV 85C Model Minimum Pulse Width 'altera_reserved_tck'
Slack : 15.788
TNS   : 0.000

Type  : Slow 1100mV 85C Model Minimum Pulse Width 'generated_lf_clk'
Slack : 249.095
TNS   : 0.000

Type  : Slow 1100mV 0C Model Setup 'altera_reserved_tck'
Slack : 12.614
TNS   : 0.000

Type  : Slow 1100mV 0C Model Setup 'generated_lf_clk'
Slack : 491.707
TNS   : 0.000

Type  : Slow 1100mV 0C Model Hold 'generated_lf_clk'
Slack : 0.351
TNS   : 0.000

Type  : Slow 1100mV 0C Model Hold 'altera_reserved_tck'
Slack : 0.436
TNS   : 0.000

Type  : Slow 1100mV 0C Model Recovery 'altera_reserved_tck'
Slack : 30.561
TNS   : 0.000

Type  : Slow 1100mV 0C Model Removal 'altera_reserved_tck'
Slack : 0.656
TNS   : 0.000

Type  : Slow 1100mV 0C Model Minimum Pulse Width 'altera_reserved_tck'
Slack : 15.776
TNS   : 0.000

Type  : Slow 1100mV 0C Model Minimum Pulse Width 'generated_lf_clk'
Slack : 249.127
TNS   : 0.000

Type  : Fast 1100mV 85C Model Setup 'altera_reserved_tck'
Slack : 14.323
TNS   : 0.000

Type  : Fast 1100mV 85C Model Setup 'generated_lf_clk'
Slack : 493.715
TNS   : 0.000

Type  : Fast 1100mV 85C Model Hold 'generated_lf_clk'
Slack : 0.177
TNS   : 0.000

Type  : Fast 1100mV 85C Model Hold 'altera_reserved_tck'
Slack : 0.250
TNS   : 0.000

Type  : Fast 1100mV 85C Model Recovery 'altera_reserved_tck'
Slack : 31.478
TNS   : 0.000

Type  : Fast 1100mV 85C Model Removal 'altera_reserved_tck'
Slack : 0.387
TNS   : 0.000

Type  : Fast 1100mV 85C Model Minimum Pulse Width 'altera_reserved_tck'
Slack : 15.709
TNS   : 0.000

Type  : Fast 1100mV 85C Model Minimum Pulse Width 'generated_lf_clk'
Slack : 249.065
TNS   : 0.000

Type  : Fast 1100mV 0C Model Setup 'altera_reserved_tck'
Slack : 14.574
TNS   : 0.000

Type  : Fast 1100mV 0C Model Setup 'generated_lf_clk'
Slack : 494.465
TNS   : 0.000

Type  : Fast 1100mV 0C Model Hold 'generated_lf_clk'
Slack : 0.161
TNS   : 0.000

Type  : Fast 1100mV 0C Model Hold 'altera_reserved_tck'
Slack : 0.219
TNS   : 0.000

Type  : Fast 1100mV 0C Model Recovery 'altera_reserved_tck'
Slack : 31.637
TNS   : 0.000

Type  : Fast 1100mV 0C Model Removal 'altera_reserved_tck'
Slack : 0.342
TNS   : 0.000

Type  : Fast 1100mV 0C Model Minimum Pulse Width 'altera_reserved_tck'
Slack : 15.748
TNS   : 0.000

Type  : Fast 1100mV 0C Model Minimum Pulse Width 'generated_lf_clk'
Slack : 249.119
TNS   : 0.000

------------------------------------------------------------
