Archive member included to satisfy reference by file (symbol)

BSP/\libhal_bsp.a(alt_getchar.o)
                              obj/default//C/Users/julia/Documents/tse_tutorial/app_software/tse_tutorial.o (alt_getchar)
BSP/\libhal_bsp.a(alt_load.o)
                              BSP//obj/HAL/src/crt0.o (alt_load)
BSP/\libhal_bsp.a(alt_main.o)
                              BSP//obj/HAL/src/crt0.o (alt_main)
BSP/\libhal_bsp.a(alt_printf.o)
                              obj/default//C/Users/julia/Documents/tse_tutorial/app_software/tse_tutorial.o (alt_printf)
BSP/\libhal_bsp.a(alt_putchar.o)
                              BSP/\libhal_bsp.a(alt_printf.o) (alt_putchar)
BSP/\libhal_bsp.a(alt_sys_init.o)
                              BSP/\libhal_bsp.a(alt_main.o) (alt_irq_init)
BSP/\libhal_bsp.a(altera_avalon_jtag_uart_fd.o)
                              BSP/\libhal_bsp.a(alt_sys_init.o) (altera_avalon_jtag_uart_read_fd)
BSP/\libhal_bsp.a(altera_avalon_jtag_uart_init.o)
                              BSP/\libhal_bsp.a(alt_sys_init.o) (altera_avalon_jtag_uart_init)
BSP/\libhal_bsp.a(altera_avalon_jtag_uart_ioctl.o)
                              BSP/\libhal_bsp.a(altera_avalon_jtag_uart_fd.o) (altera_avalon_jtag_uart_ioctl)
BSP/\libhal_bsp.a(altera_avalon_jtag_uart_read.o)
                              BSP/\libhal_bsp.a(altera_avalon_jtag_uart_fd.o) (altera_avalon_jtag_uart_read)
BSP/\libhal_bsp.a(altera_avalon_jtag_uart_write.o)
                              BSP/\libhal_bsp.a(altera_avalon_jtag_uart_fd.o) (altera_avalon_jtag_uart_write)
BSP/\libhal_bsp.a(altera_avalon_sgdma.o)
                              obj/default//C/Users/julia/Documents/tse_tutorial/app_software/tse_tutorial.o (alt_avalon_sgdma_do_async_transfer)
BSP/\libhal_bsp.a(alt_alarm_start.o)
                              BSP/\libhal_bsp.a(altera_avalon_jtag_uart_init.o) (alt_alarm_start)
BSP/\libhal_bsp.a(alt_close.o)
                              BSP/\libhal_bsp.a(alt_main.o) (close)
BSP/\libhal_bsp.a(alt_dcache_flush.o)
                              BSP/\libhal_bsp.a(altera_avalon_sgdma.o) (alt_dcache_flush)
BSP/\libhal_bsp.a(alt_dcache_flush_all.o)
                              BSP/\libhal_bsp.a(alt_load.o) (alt_dcache_flush_all)
BSP/\libhal_bsp.a(alt_dev.o)  BSP/\libhal_bsp.a(alt_close.o) (alt_fd_list)
BSP/\libhal_bsp.a(alt_dev_llist_insert.o)
                              BSP/\libhal_bsp.a(alt_sys_init.o) (alt_dev_llist_insert)
BSP/\libhal_bsp.a(alt_errno.o)
                              BSP/\libhal_bsp.a(altera_avalon_sgdma.o) (alt_errno)
BSP/\libhal_bsp.a(alt_find_dev.o)
                              BSP/\libhal_bsp.a(altera_avalon_sgdma.o) (alt_find_dev)
BSP/\libhal_bsp.a(alt_icache_flush_all.o)
                              BSP/\libhal_bsp.a(alt_load.o) (alt_icache_flush_all)
BSP/\libhal_bsp.a(alt_iic.o)  BSP/\libhal_bsp.a(altera_avalon_jtag_uart_init.o) (alt_ic_isr_register)
BSP/\libhal_bsp.a(alt_iic_isr_register.o)
                              BSP/\libhal_bsp.a(alt_iic.o) (alt_iic_isr_register)
BSP/\libhal_bsp.a(alt_io_redirect.o)
                              BSP/\libhal_bsp.a(alt_main.o) (alt_io_redirect)
BSP/\libhal_bsp.a(alt_irq_entry.o)
                              BSP/\libhal_bsp.a(alt_iic_isr_register.o) (alt_irq_entry)
BSP/\libhal_bsp.a(alt_irq_handler.o)
                              BSP/\libhal_bsp.a(alt_iic_isr_register.o) (alt_irq_handler)
BSP/\libhal_bsp.a(alt_irq_vars.o)
                              BSP/\libhal_bsp.a(alt_iic.o) (alt_irq_active)
BSP/\libhal_bsp.a(alt_open.o)
                              BSP/\libhal_bsp.a(alt_io_redirect.o) (open)
BSP/\libhal_bsp.a(alt_release_fd.o)
                              BSP/\libhal_bsp.a(alt_close.o) (alt_release_fd)
BSP/\libhal_bsp.a(alt_tick.o)
                              BSP/\libhal_bsp.a(alt_alarm_start.o) (alt_alarm_list)
BSP/\libhal_bsp.a(altera_nios2_gen2_irq.o)
                              BSP/\libhal_bsp.a(alt_sys_init.o) (altera_nios2_gen2_irq_init)
BSP/\libhal_bsp.a(alt_exception_entry.o)
                              BSP/\libhal_bsp.a(alt_irq_entry.o) (alt_exception)
BSP/\libhal_bsp.a(alt_find_file.o)
                              BSP/\libhal_bsp.a(alt_open.o) (alt_find_file)
BSP/\libhal_bsp.a(alt_get_fd.o)
                              BSP/\libhal_bsp.a(alt_open.o) (alt_get_fd)
BSP/\libhal_bsp.a(alt_instruction_exception_entry.o)
                              BSP/\libhal_bsp.a(alt_exception_entry.o) (alt_instruction_exception_entry)
c:/intelfpga_lite/18.1/nios2eds/bin/gnu/h-x86_64-mingw32/bin/../lib/gcc/nios2-elf/5.3.0/../../../../../H-x86_64-mingw32/nios2-elf/lib/mno-hw-mul\libc.a(lib_a-exit.o)
                              BSP/\libhal_bsp.a(alt_main.o) (exit)
c:/intelfpga_lite/18.1/nios2eds/bin/gnu/h-x86_64-mingw32/bin/../lib/gcc/nios2-elf/5.3.0/../../../../../H-x86_64-mingw32/nios2-elf/lib/mno-hw-mul\libc.a(lib_a-getc.o)
                              BSP/\libhal_bsp.a(alt_getchar.o) (getc)
[...]
Memory Configuration

Name             Origin             Length             Attributes
reset            0x0000000000080000 0x0000000000000020
main_memory      0x0000000000080020 0x000000000004afe0
descriptor_memory 0x0000000000100000 0x0000000000001000
*default*        0x0000000000000000 0xffffffffffffffff

Linker script and memory map

LOAD BSP//obj/HAL/src/crt0.o
LOAD obj/default//C/Users/julia/Documents/tse_tutorial/app_software/tse_tutorial.o
LOAD c:/intelfpga_lite/18.1/nios2eds/bin/gnu/h-x86_64-mingw32/bin/../lib/gcc/nios2-elf/5.3.0/../../../../../H-x86_64-mingw32/nios2-elf/lib/mno-hw-mul\libstdc++.a
LOAD c:/intelfpga_lite/18.1/nios2eds/bin/gnu/h-x86_64-mingw32/bin/../lib/gcc/nios2-elf/5.3.0/../../../../../H-x86_64-mingw32/nios2-elf/lib/mno-hw-mul\libm.a
LOAD c:/intelfpga_lite/18.1/nios2eds/bin/gnu/h-x86_64-mingw32/bin/../lib/gcc/nios2-elf/5.3.0/mno-hw-mul\libgcc.a
START GROUP
LOAD c:/intelfpga_lite/18.1/nios2eds/bin/gnu/h-x86_64-mingw32/bin/../lib/gcc/nios2-elf/5.3.0/../../../../../H-x86_64-mingw32/nios2-elf/lib/mno-hw-mul\libc.a
LOAD c:/intelfpga_lite/18.1/nios2eds/bin/gnu/h-x86_64-mingw32/bin/../lib/gcc/nios2-elf/5.3.0/mno-hw-mul\libgcc.a
LOAD BSP/\libhal_bsp.a
LOAD c:/intelfpga_lite/18.1/nios2eds/bin/gnu/h-x86_64-mingw32/bin/../lib/gcc/nios2-elf/5.3.0/../../../../../H-x86_64-mingw32/nios2-elf/lib/mno-hw-mul\libm.a
END GROUP
LOAD c:/intelfpga_lite/18.1/nios2eds/bin/gnu/h-x86_64-mingw32/bin/../lib/gcc/nios2-elf/5.3.0/mno-hw-mul\libgcc.a
                0x0000000000080000                __alt_mem_main_memory = 0x80000
                0x0000000000100000                __alt_mem_descriptor_memory = 0x100000

.entry          0x0000000000080000       0x20
 *(.entry)
 .entry         0x0000000000080000       0x20 BSP//obj/HAL/src/crt0.o
                0x0000000000080000                __reset

.exceptions     0x0000000000080020      0x188
                0x0000000000080020                PROVIDE (__ram_exceptions_start, ABSOLUTE (.))
                0x0000000000080020                . = ALIGN (0x20)
 *(.irq)
 *(.exceptions.entry.label)
 .exceptions.entry.label
                0x0000000000080020        0x0 BSP/\libhal_bsp.a(alt_irq_entry.o)
                0x0000000000080020                alt_irq_entry
 .exceptions.entry.label
                0x0000000000080020        0x0 BSP/\libhal_bsp.a(alt_exception_entry.o)
                0x0000000000080020                alt_exception
 *(.exceptions.entry.user)
 *(.exceptions.entry.ecc_fatal)
 *(.exceptions.entry)
 .exceptions.entry
                0x0000000000080020       0x54 BSP/\libhal_bsp.a(alt_exception_entry.o)
 *(.exceptions.irqtest.user)
 *(.exceptions.irqtest)
 .exceptions.irqtest
                0x0000000000080074       0x10 BSP/\libhal_bsp.a(alt_irq_entry.o)
 *(.exceptions.irqhandler.user)
 *(.exceptions.irqhandler)
 .exceptions.irqhandler
                0x0000000000080084        0x4 BSP/\libhal_bsp.a(alt_irq_entry.o)
 *(.exceptions.irqreturn.user)
 *(.exceptions.irqreturn)
 .exceptions.irqreturn
                0x0000000000080088        0x4 BSP/\libhal_bsp.a(alt_irq_entry.o)
 *(.exceptions.notirq.label)
 .exceptions.notirq.label
                0x000000000008008c        0x0 BSP/\libhal_bsp.a(alt_irq_entry.o)
 *(.exceptions.notirq.user)
 *(.exceptions.notirq)
 .exceptions.notirq
                0x000000000008008c        0x8 BSP/\libhal_bsp.a(alt_exception_entry.o)
 *(.exceptions.soft.user)
 *(.exceptions.soft)
 *(.exceptions.unknown.user)
 *(.exceptions.unknown)
 .exceptions.unknown
                0x0000000000080094       0x14 BSP/\libhal_bsp.a(alt_exception_entry.o)
 *(.exceptions.exit.label)
 .exceptions.exit.label
                0x00000000000800a8        0x0 BSP/\libhal_bsp.a(alt_irq_entry.o)
 .exceptions.exit.label
                0x00000000000800a8        0x0 BSP/\libhal_bsp.a(alt_exception_entry.o)
 *(.exceptions.exit.user)
 *(.exceptions.exit)
 .exceptions.exit
                0x00000000000800a8       0x54 BSP/\libhal_bsp.a(alt_exception_entry.o)
 *(.exceptions)
 .exceptions    0x00000000000800fc       0x70 BSP/\libhal_bsp.a(alt_irq_handler.o)
                0x00000000000800fc                alt_irq_handler
 .exceptions    0x000000000008016c       0x3c BSP/\libhal_bsp.a(alt_instruction_exception_entry.o)
                0x000000000008016c                alt_instruction_exception_entry
                0x00000000000801a8                PROVIDE (__ram_exceptions_end, ABSOLUTE (.))
                0x0000000000080020                PROVIDE (__flash_exceptions_start, LOADADDR (.exceptions))

.text           0x00000000000801a8     0x4a7c
                [!provide]                        PROVIDE (stext, ABSOLUTE (.))
 *(.interp)
 *(.hash)
 *(.dynsym)
 *(.dynstr)
 *(.gnu.version)
 *(.gnu.version_d)
 *(.gnu.version_r)
 *(.rel.init)
 *(.rela.init)
 *(.rel.text .rel.text.* .rel.gnu.linkonce.t.*)
 *(.rela.text .rela.text.* .rela.gnu.linkonce.t.*)
 *(.rel.fini)
 *(.rela.fini)
 *(.rel.rodata .rel.rodata.* .rel.gnu.linkonce.r.*)
 *(.rela.rodata .rela.rodata.* .rela.gnu.linkonce.r.*)
 *(.rel.data .rel.data.* .rel.gnu.linkonce.d.*)
 *(.rela.data .rela.data.* .rela.gnu.linkonce.d.*)
 *(.rel.tdata .rel.tdata.* .rel.gnu.linkonce.td.*)
 *(.rela.tdata .rela.tdata.* .rela.gnu.linkonce.td.*)
 *(.rel.tbss .rel.tbss.* .rel.gnu.linkonce.tb.*)
 *(.rela.tbss .rela.tbss.* .rela.gnu.linkonce.tb.*)
 *(.rel.ctors)
 *(.rela.ctors)
 *(.rel.dtors)
 *(.rela.dtors)
 *(.rel.got)
 *(.rela.got)
 *(.rel.sdata .rel.sdata.* .rel.gnu.linkonce.s.*)
 *(.rela.sdata .rela.sdata.* .rela.gnu.linkonce.s.*)
 *(.rel.sbss .rel.sbss.* .rel.gnu.linkonce.sb.*)
 *(.rela.sbss .rela.sbss.* .rela.gnu.linkonce.sb.*)
 *(.rel.sdata2 .rel.sdata2.* .rel.gnu.linkonce.s2.*)
 *(.rela.sdata2 .rela.sdata2.* .rela.gnu.linkonce.s2.*)
 *(.rel.sbss2 .rel.sbss2.* .rel.gnu.linkonce.sb2.*)
 *(.rela.sbss2 .rela.sbss2.* .rela.gnu.linkonce.sb2.*)
 *(.rel.bss .rel.bss.* .rel.gnu.linkonce.b.*)
 *(.rela.bss .rela.bss.* .rela.gnu.linkonce.b.*)
 *(.rel.plt)
 *(.rela.plt)
 *(.rel.dyn)
 *(.init)
 *(.plt)
 *(.text .stub .text.* .gnu.linkonce.t.*)
 .text          0x00000000000801a8       0x3c BSP//obj/HAL/src/crt0.o
                0x00000000000801a8                _start
 .text          0x00000000000801e4      0x3bc obj/default//C/Users/julia/Documents/tse_tutorial/app_software/tse_tutorial.o
                0x00000000000801e4                rx_ethernet_isr
                0x00000000000802b8                main
 .text          0x00000000000805a0       0x20 BSP/\libhal_bsp.a(alt_getchar.o)
                0x00000000000805a0                alt_getchar
 .text          0x00000000000805c0      0x184 BSP/\libhal_bsp.a(alt_load.o)
                0x00000000000805c0                alt_load
 .text          0x0000000000080744       0x50 BSP/\libhal_bsp.a(alt_main.o)
                0x0000000000080744                alt_main
 .text          0x0000000000080794      0x214 BSP/\libhal_bsp.a(alt_printf.o)
                0x0000000000080794                alt_printf
 .text          0x00000000000809a8       0x20 BSP/\libhal_bsp.a(alt_putchar.o)
                0x00000000000809a8                alt_putchar
 .text          0x00000000000809c8       0x88 BSP/\libhal_bsp.a(alt_sys_init.o)
                0x00000000000809c8                alt_irq_init
                0x00000000000809e8                alt_sys_init
 .text          0x0000000000080a50       0x8c BSP/\libhal_bsp.a(altera_avalon_jtag_uart_fd.o)
                0x0000000000080a50                altera_avalon_jtag_uart_read_fd
                0x0000000000080a74                altera_avalon_jtag_uart_write_fd
                0x0000000000080a98                altera_avalon_jtag_uart_close_fd
                0x0000000000080abc                altera_avalon_jtag_uart_ioctl_fd
 .text          0x0000000000080adc      0x204 BSP/\libhal_bsp.a(altera_avalon_jtag_uart_init.o)
                0x0000000000080c2c                altera_avalon_jtag_uart_init
                0x0000000000080ca4                altera_avalon_jtag_uart_close
 .text          0x0000000000080ce0       0x88 BSP/\libhal_bsp.a(altera_avalon_jtag_uart_ioctl.o)
                0x0000000000080ce0                altera_avalon_jtag_uart_ioctl
 .text          0x0000000000080d68      0x158 BSP/\libhal_bsp.a(altera_avalon_jtag_uart_read.o)
                0x0000000000080d68                altera_avalon_jtag_uart_read
 .text          0x0000000000080ec0      0x19c BSP/\libhal_bsp.a(altera_avalon_jtag_uart_write.o)
                0x0000000000080ec0                altera_avalon_jtag_uart_write
 .text          0x000000000008105c      0x5f8 BSP/\libhal_bsp.a(altera_avalon_sgdma.o)
                0x00000000000810bc                alt_avalon_sgdma_do_async_transfer
                0x0000000000081148                alt_avalon_sgdma_do_sync_transfer
                0x00000000000811d4                alt_avalon_sgdma_register_callback
                0x00000000000811e4                alt_avalon_sgdma_start
                0x00000000000811fc                alt_avalon_sgdma_stop
                0x0000000000081218                alt_avalon_sgdma_check_descriptor_status
                0x0000000000081244                alt_avalon_sgdma_open
                0x0000000000081290                alt_avalon_sgdma_enable_desc_poll
                0x00000000000812c0                alt_avalon_sgdma_disable_desc_poll
                0x00000000000812e0                alt_avalon_sgdma_construct_descriptor_burst
                0x0000000000081408                alt_avalon_sgdma_construct_mem_to_mem_desc_burst
                0x0000000000081450                alt_avalon_sgdma_construct_mem_to_mem_desc
                0x0000000000081488                alt_avalon_sgdma_construct_stream_to_mem_desc_burst
                0x00000000000814d0                alt_avalon_sgdma_construct_stream_to_mem_desc
                0x00000000000814f8                alt_avalon_sgdma_construct_mem_to_stream_desc_burst
                0x0000000000081548                alt_avalon_sgdma_construct_mem_to_stream_desc
                0x0000000000081588                alt_avalon_sgdma_construct_descriptor
                0x00000000000815d0                alt_avalon_sgdma_init
 .text          0x0000000000081654       0x80 BSP/\libhal_bsp.a(alt_alarm_start.o)
                0x0000000000081654                alt_alarm_start
 .text          0x00000000000816d4       0xd8 BSP/\libhal_bsp.a(alt_close.o)
                0x00000000000816d4                close
 .text          0x00000000000817ac        0x4 BSP/\libhal_bsp.a(alt_dcache_flush.o)
                0x00000000000817ac                alt_dcache_flush
 .text          0x00000000000817b0        0x4 BSP/\libhal_bsp.a(alt_dcache_flush_all.o)
                0x00000000000817b0                alt_dcache_flush_all
 .text          0x00000000000817b4        0x8 BSP/\libhal_bsp.a(alt_dev.o)
 .text          0x00000000000817bc       0x74 BSP/\libhal_bsp.a(alt_dev_llist_insert.o)
                0x00000000000817bc                alt_dev_llist_insert
 .text          0x0000000000081830        0x0 BSP/\libhal_bsp.a(alt_errno.o)
 .text          0x0000000000081830       0x7c BSP/\libhal_bsp.a(alt_find_dev.o)
                0x0000000000081830                alt_find_dev
 .text          0x00000000000818ac        0x4 BSP/\libhal_bsp.a(alt_icache_flush_all.o)
                0x00000000000818ac                alt_icache_flush_all
 .text          0x00000000000818b0       0xa8 BSP/\libhal_bsp.a(alt_iic.o)
                0x00000000000818b0                alt_ic_isr_register
                0x00000000000818d0                alt_ic_irq_enable
                0x0000000000081908                alt_ic_irq_disable
                0x0000000000081940                alt_ic_irq_enabled
 .text          0x0000000000081958       0x6c BSP/\libhal_bsp.a(alt_iic_isr_register.o)
                0x0000000000081958                alt_iic_isr_register
 .text          0x00000000000819c4      0x114 BSP/\libhal_bsp.a(alt_io_redirect.o)
                0x0000000000081a44                alt_io_redirect
 .text          0x0000000000081ad8        0x0 BSP/\libhal_bsp.a(alt_irq_entry.o)
 .text          0x0000000000081ad8        0x0 BSP/\libhal_bsp.a(alt_irq_handler.o)
 .text          0x0000000000081ad8        0x0 BSP/\libhal_bsp.a(alt_irq_vars.o)
 .text          0x0000000000081ad8      0x1bc BSP/\libhal_bsp.a(alt_open.o)
                0x0000000000081ad8                open
 .text          0x0000000000081c94       0x5c BSP/\libhal_bsp.a(alt_release_fd.o)
                0x0000000000081c94                alt_release_fd
 .text          0x0000000000081cf0      0x104 BSP/\libhal_bsp.a(alt_tick.o)
                0x0000000000081cf0                alt_alarm_stop
                0x0000000000081d28                alt_tick
 .text          0x0000000000081df4        0x8 BSP/\libhal_bsp.a(altera_nios2_gen2_irq.o)
                0x0000000000081df4                altera_nios2_gen2_irq_init
 .text          0x0000000000081dfc        0x0 BSP/\libhal_bsp.a(alt_exception_entry.o)
 .text          0x0000000000081dfc       0xc0 BSP/\libhal_bsp.a(alt_find_file.o)
                0x0000000000081dfc                alt_find_file
 .text          0x0000000000081ebc       0x98 BSP/\libhal_bsp.a(alt_get_fd.o)
                0x0000000000081ebc                alt_get_fd
 .text          0x0000000000081f54       0x74 BSP/\libhal_bsp.a(alt_instruction_exception_entry.o)
                0x0000000000081f54                alt_exception_cause_generated_bad_addr
 .text          0x0000000000081fc8        0x0 c:/intelfpga_lite/18.1/nios2eds/bin/gnu/h-x86_64-mingw32/bin/../lib/gcc/nios2-elf/5.3.0/../../../../../H-x86_64-mingw32/nios2-elf/lib/mno-hw-mul\libc.a(lib_a-exit.o)
 .text.exit     0x0000000000081fc8       0x38 c:/intelfpga_lite/18.1/nios2eds/bin/gnu/h-x86_64-mingw32/bin/../lib/gcc/nios2-elf/5.3.0/../../../../../H-x86_64-mingw32/nios2-elf/lib/mno-hw-mul\libc.a(lib_a-exit.o)
                0x0000000000081fc8                exit
 .text          0x0000000000082000        0x0 c:/intelfpga_lite/18.1/nios2eds/bin/gnu/h-x86_64-mingw32/bin/../lib/gcc/nios2-elf/5.3.0/../../../../../H-x86_64-mingw32/nios2-elf/lib/mno-hw-mul\libc.a(lib_a-getc.o)
 .text._getc_r  0x0000000000082000       0x70 c:/intelfpga_lite/18.1/nios2eds/bin/gnu/h-x86_64-mingw32/bin/../lib/gcc/nios2-elf/5.3.0/../../../../../H-x86_64-mingw32/nios2-elf/lib/mno-hw-mul\libc.a(lib_a-getc.o)
                0x0000000000082000                _getc_r
 .text.getc     0x0000000000082070       0x88 c:/intelfpga_lite/18.1/nios2eds/bin/gnu/h-x86_64-mingw32/bin/../lib/gcc/nios2-elf/5.3.0/../../../../../H-x86_64-mingw32/nios2-elf/lib/mno-hw-mul\libc.a(lib_a-getc.o)
                0x0000000000082070                getc
 .text          0x00000000000820f8        0x0 c:/intelfpga_lite/18.1/nios2eds/bin/gnu/h-x86_64-mingw32/bin/../lib/gcc/nios2-elf/5.3.0/../../../../../H-x86_64-mingw32/nios2-elf/lib/mno-hw-mul\libc.a(lib_a-impure.o)
 .text          0x00000000000820f8        0x0 c:/intelfpga_lite/18.1/nios2eds/bin/gnu/h-x86_64-mingw32/bin/../lib/gcc/nios2-elf/5.3.0/../../../../../H-x86_64-mingw32/nios2-elf/lib/mno-hw-mul\libc.a(lib_a-int_errno.o)
 .text          0x00000000000820f8        0x0 c:/intelfpga_lite/18.1/nios2eds/bin/gnu/h-x86_64-mingw32/bin/../lib/gcc/nios2-elf/5.3.0/../../../../../H-x86_64-mingw32/nios2-elf/lib/mno-hw-mul\libc.a(lib_a-memcmp.o)
 .text.memcmp   0x00000000000820f8       0x7c c:/intelfpga_lite/18.1/nios2eds/bin/gnu/h-x86_64-mingw32/bin/../lib/gcc/nios2-elf/5.3.0/../../../../../H-x86_64-mingw32/nios2-elf/lib/mno-hw-mul\libc.a(lib_a-memcmp.o)
                0x00000000000820f8                memcmp
 .text          0x0000000000082174        0x0 c:/intelfpga_lite/18.1/nios2eds/bin/gnu/h-x86_64-mingw32/bin/../lib/gcc/nios2-elf/5.3.0/../../../../../H-x86_64-mingw32/nios2-elf/lib/mno-hw-mul\libc.a(lib_a-memcpy.o)
 .text.memcpy   0x0000000000082174      0x148 c:/intelfpga_lite/18.1/nios2eds/bin/gnu/h-x86_64-mingw32/bin/../lib/gcc/nios2-elf/5.3.0/../../../../../H-x86_64-mingw32/nios2-elf/lib/mno-hw-mul\libc.a(lib_a-memcpy.o)
                0x0000000000082174                memcpy
 .text          0x00000000000822bc        0x0 c:/intelfpga_lite/18.1/nios2eds/bin/gnu/h-x86_64-mingw32/bin/../lib/gcc/nios2-elf/5.3.0/../../../../../H-x86_64-mingw32/nios2-elf/lib/mno-hw-mul\libc.a(lib_a-putc.o)
 .text._putc_r  0x00000000000822bc       0xa0 c:/intelfpga_lite/18.1/nios2eds/bin/gnu/h-x86_64-mingw32/bin/../lib/gcc/nios2-elf/5.3.0/../../../../../H-x86_64-mingw32/nios2-elf/lib/mno-hw-mul\libc.a(lib_a-putc.o)
                0x00000000000822bc                _putc_r
 .text.putc     0x000000000008235c       0xc8 c:/intelfpga_lite/18.1/nios2eds/bin/gnu/h-x86_64-mingw32/bin/../lib/gcc/nios2-elf/5.3.0/../../../../../H-x86_64-mingw32/nios2-elf/lib/mno-hw-mul\libc.a(lib_a-putc.o)
                0x000000000008235c                putc
 .text          0x0000000000082424        0x0 c:/intelfpga_lite/18.1/nios2eds/bin/gnu/h-x86_64-mingw32/bin/../lib/gcc/nios2-elf/5.3.0/../../../../../H-x86_64-mingw32/nios2-elf/lib/mno-hw-mul\libc.a(lib_a-rget.o)
 .text.__srget_r
                0x0000000000082424       0x74 c:/intelfpga_lite/18.1/nios2eds/bin/gnu/h-x86_64-mingw32/bin/../lib/gcc/nios2-elf/5.3.0/../../../../../H-x86_64-mingw32/nios2-elf/lib/mno-hw-mul\libc.a(lib_a-rget.o)
                0x0000000000082424                __srget_r
 .text.__srget  0x0000000000082498       0x14 c:/intelfpga_lite/18.1/nios2eds/bin/gnu/h-x86_64-mingw32/bin/../lib/gcc/nios2-elf/5.3.0/../../../../../H-x86_64-mingw32/nios2-elf/lib/mno-hw-mul\libc.a(lib_a-rget.o)
                0x0000000000082498                __srget
 .text          0x00000000000824ac        0x0 c:/intelfpga_lite/18.1/nios2eds/bin/gnu/h-x86_64-mingw32/bin/../lib/gcc/nios2-elf/5.3.0/../../../../../H-x86_64-mingw32/nios2-elf/lib/mno-hw-mul\libc.a(lib_a-strlen.o)
 .text.strlen   0x00000000000824ac       0x98 c:/intelfpga_lite/18.1/nios2eds/bin/gnu/h-x86_64-mingw32/bin/../lib/gcc/nios2-elf/5.3.0/../../../../../H-x86_64-mingw32/nios2-elf/lib/mno-hw-mul\libc.a(lib_a-strlen.o)
                0x00000000000824ac                strlen
 .text          0x0000000000082544        0x0 c:/intelfpga_lite/18.1/nios2eds/bin/gnu/h-x86_64-mingw32/bin/../lib/gcc/nios2-elf/5.3.0/../../../../../H-x86_64-mingw32/nios2-elf/lib/mno-hw-mul\libc.a(lib_a-wbuf.o)
 .text.__swbuf_r
                0x0000000000082544      0x140 c:/intelfpga_lite/18.1/nios2eds/bin/gnu/h-x86_64-mingw32/bin/../lib/gcc/nios2-elf/5.3.0/../../../../../H-x86_64-mingw32/nios2-elf/lib/mno-hw-mul\libc.a(lib_a-wbuf.o)
                0x0000000000082544                __swbuf_r
 .text.__swbuf  0x0000000000082684       0x18 c:/intelfpga_lite/18.1/nios2eds/bin/gnu/h-x86_64-mingw32/bin/../lib/gcc/nios2-elf/5.3.0/../../../../../H-x86_64-mingw32/nios2-elf/lib/mno-hw-mul\libc.a(lib_a-wbuf.o)
                0x0000000000082684                __swbuf
 .text          0x000000000008269c        0x0 c:/intelfpga_lite/18.1/nios2eds/bin/gnu/h-x86_64-mingw32/bin/../lib/gcc/nios2-elf/5.3.0/../../../../../H-x86_64-mingw32/nios2-elf/lib/mno-hw-mul\libc.a(lib_a-wsetup.o)
 .text.__swsetup_r
                0x000000000008269c      0x154 c:/intelfpga_lite/18.1/nios2eds/bin/gnu/h-x86_64-mingw32/bin/../lib/gcc/nios2-elf/5.3.0/../../../../../H-x86_64-mingw32/nios2-elf/lib/mno-hw-mul\libc.a(lib_a-wsetup.o)
                0x000000000008269c                __swsetup_r
 .text          0x00000000000827f0        0x0 c:/intelfpga_lite/18.1/nios2eds/bin/gnu/h-x86_64-mingw32/bin/../lib/gcc/nios2-elf/5.3.0/../../../../../H-x86_64-mingw32/nios2-elf/lib/mno-hw-mul\libc.a(lib_a-__call_atexit.o)
 .text.__call_exitprocs
                0x00000000000827f0      0x180 c:/intelfpga_lite/18.1/nios2eds/bin/gnu/h-x86_64-mingw32/bin/../lib/gcc/nios2-elf/5.3.0/../../../../../H-x86_64-mingw32/nios2-elf/lib/mno-hw-mul\libc.a(lib_a-__call_atexit.o)
                0x00000000000827f0                __call_exitprocs
 .text          0x0000000000082970        0x0 c:/intelfpga_lite/18.1/nios2eds/bin/gnu/h-x86_64-mingw32/bin/../lib/gcc/nios2-elf/5.3.0/../../../../../H-x86_64-mingw32/nios2-elf/lib/mno-hw-mul\libc.a(lib_a-fflush.o)
 .text.__sflush_r
                0x0000000000082970      0x21c c:/intelfpga_lite/18.1/nios2eds/bin/gnu/h-x86_64-mingw32/bin/../lib/gcc/nios2-elf/5.3.0/../../../../../H-x86_64-mingw32/nios2-elf/lib/mno-hw-mul\libc.a(lib_a-fflush.o)
                0x0000000000082970                __sflush_r
 .text._fflush_r
                0x0000000000082b8c       0x5c c:/intelfpga_lite/18.1/nios2eds/bin/gnu/h-x86_64-mingw32/bin/../lib/gcc/nios2-elf/5.3.0/../../../../../H-x86_64-mingw32/nios2-elf/lib/mno-hw-mul\libc.a(lib_a-fflush.o)
                0x0000000000082b8c                _fflush_r
 .text.fflush   0x0000000000082be8       0x30 c:/intelfpga_lite/18.1/nios2eds/bin/gnu/h-x86_64-mingw32/bin/../lib/gcc/nios2-elf/5.3.0/../../../../../H-x86_64-mingw32/nios2-elf/lib/mno-hw-mul\libc.a(lib_a-fflush.o)
                0x0000000000082be8                fflush
 .text          0x0000000000082c18        0x0 c:/intelfpga_lite/18.1/nios2eds/bin/gnu/h-x86_64-mingw32/bin/../lib/gcc/nios2-elf/5.3.0/../../../../../H-x86_64-mingw32/nios2-elf/lib/mno-hw-mul\libc.a(lib_a-findfp.o)
 .text.__fp_unlock
                0x0000000000082c18        0x8 c:/intelfpga_lite/18.1/nios2eds/bin/gnu/h-x86_64-mingw32/bin/../lib/gcc/nios2-elf/5.3.0/../../../../../H-x86_64-mingw32/nios2-elf/lib/mno-hw-mul\libc.a(lib_a-findfp.o)
 .text._cleanup_r
                0x0000000000082c20        0xc c:/intelfpga_lite/18.1/nios2eds/bin/gnu/h-x86_64-mingw32/bin/../lib/gcc/nios2-elf/5.3.0/../../../../../H-x86_64-mingw32/nios2-elf/lib/mno-hw-mul\libc.a(lib_a-findfp.o)
                0x0000000000082c20                _cleanup_r
 .text.__sinit.part.1
                0x0000000000082c2c      0x19c c:/intelfpga_lite/18.1/nios2eds/bin/gnu/h-x86_64-mingw32/bin/../lib/gcc/nios2-elf/5.3.0/../../../../../H-x86_64-mingw32/nios2-elf/lib/mno-hw-mul\libc.a(lib_a-findfp.o)
 .text.__fp_lock
                0x0000000000082dc8        0x8 c:/intelfpga_lite/18.1/nios2eds/bin/gnu/h-x86_64-mingw32/bin/../lib/gcc/nios2-elf/5.3.0/../../../../../H-x86_64-mingw32/nios2-elf/lib/mno-hw-mul\libc.a(lib_a-findfp.o)
 .text.__sfmoreglue
                0x0000000000082dd0       0x78 c:/intelfpga_lite/18.1/nios2eds/bin/gnu/h-x86_64-mingw32/bin/../lib/gcc/nios2-elf/5.3.0/../../../../../H-x86_64-mingw32/nios2-elf/lib/mno-hw-mul\libc.a(lib_a-findfp.o)
                0x0000000000082dd0                __sfmoreglue
 .text.__sfp    0x0000000000082e48      0x118 c:/intelfpga_lite/18.1/nios2eds/bin/gnu/h-x86_64-mingw32/bin/../lib/gcc/nios2-elf/5.3.0/../../../../../H-x86_64-mingw32/nios2-elf/lib/mno-hw-mul\libc.a(lib_a-findfp.o)
                0x0000000000082e48                __sfp
 .text._cleanup
                0x0000000000082f60       0x18 c:/intelfpga_lite/18.1/nios2eds/bin/gnu/h-x86_64-mingw32/bin/../lib/gcc/nios2-elf/5.3.0/../../../../../H-x86_64-mingw32/nios2-elf/lib/mno-hw-mul\libc.a(lib_a-findfp.o)
                0x0000000000082f60                _cleanup
 .text.__sinit  0x0000000000082f78       0x10 c:/intelfpga_lite/18.1/nios2eds/bin/gnu/h-x86_64-mingw32/bin/../lib/gcc/nios2-elf/5.3.0/../../../../../H-x86_64-mingw32/nios2-elf/lib/mno-hw-mul\libc.a(lib_a-findfp.o)
                0x0000000000082f78                __sinit
 .text.__sfp_lock_acquire
                0x0000000000082f88        0x4 c:/intelfpga_lite/18.1/nios2eds/bin/gnu/h-x86_64-mingw32/bin/../lib/gcc/nios2-elf/5.3.0/../../../../../H-x86_64-mingw32/nios2-elf/lib/mno-hw-mul\libc.a(lib_a-findfp.o)
                0x0000000000082f88                __sfp_lock_acquire
 .text.__sfp_lock_release
                0x0000000000082f8c        0x4 c:/intelfpga_lite/18.1/nios2eds/bin/gnu/h-x86_64-mingw32/bin/../lib/gcc/nios2-elf/5.3.0/../../../../../H-x86_64-mingw32/nios2-elf/lib/mno-hw-mul\libc.a(lib_a-findfp.o)
                0x0000000000082f8c                __sfp_lock_release
 .text.__sinit_lock_acquire
                0x0000000000082f90        0x4 c:/intelfpga_lite/18.1/nios2eds/bin/gnu/h-x86_64-mingw32/bin/../lib/gcc/nios2-elf/5.3.0/../../../../../H-x86_64-mingw32/nios2-elf/lib/mno-hw-mul\libc.a(lib_a-findfp.o)
                0x0000000000082f90                __sinit_lock_acquire
 .text.__sinit_lock_release
                0x0000000000082f94        0x4 c:/intelfpga_lite/18.1/nios2eds/bin/gnu/h-x86_64-mingw32/bin/../lib/gcc/nios2-elf/5.3.0/../../../../../H-x86_64-mingw32/nios2-elf/lib/mno-hw-mul\libc.a(lib_a-findfp.o)
                0x0000000000082f94                __sinit_lock_release
 .text.__fp_lock_all
                0x0000000000082f98       0x18 c:/intelfpga_lite/18.1/nios2eds/bin/gnu/h-x86_64-mingw32/bin/../lib/gcc/nios2-elf/5.3.0/../../../../../H-x86_64-mingw32/nios2-elf/lib/mno-hw-mul\libc.a(lib_a-findfp.o)
                0x0000000000082f98                __fp_lock_all
 .text.__fp_unlock_all
                0x0000000000082fb0       0x18 c:/intelfpga_lite/18.1/nios2eds/bin/gnu/h-x86_64-mingw32/bin/../lib/gcc/nios2-elf/5.3.0/../../../../../H-x86_64-mingw32/nios2-elf/lib/mno-hw-mul\libc.a(lib_a-findfp.o)
                0x0000000000082fb0                __fp_unlock_all
 .text          0x0000000000082fc8        0x0 c:/intelfpga_lite/18.1/nios2eds/bin/gnu/h-x86_64-mingw32/bin/../lib/gcc/nios2-elf/5.3.0/../../../../../H-x86_64-mingw32/nios2-elf/lib/mno-hw-mul\libc.a(lib_a-freer.o)
 .text._malloc_trim_r
                0x0000000000082fc8      0x124 c:/intelfpga_lite/18.1/nios2eds/bin/gnu/h-x86_64-mingw32/bin/../lib/gcc/nios2-elf/5.3.0/../../../../../H-x86_64-mingw32/nios2-elf/lib/mno-hw-mul\libc.a(lib_a-freer.o)
                0x0000000000082fc8                _malloc_trim_r
 .text._free_r  0x00000000000830ec      0x310 c:/intelfpga_lite/18.1/nios2eds/bin/gnu/h-x86_64-mingw32/bin/../lib/gcc/nios2-elf/5.3.0/../../../../../H-x86_64-mingw32/nios2-elf/lib/mno-hw-mul\libc.a(lib_a-freer.o)
                0x00000000000830ec                _free_r
 .text          0x00000000000833fc        0x0 c:/intelfpga_lite/18.1/nios2eds/bin/gnu/h-x86_64-mingw32/bin/../lib/gcc/nios2-elf/5.3.0/../../../../../H-x86_64-mingw32/nios2-elf/lib/mno-hw-mul\libc.a(lib_a-fwalk.o)
 .text._fwalk   0x00000000000833fc       0xc4 c:/intelfpga_lite/18.1/nios2eds/bin/gnu/h-x86_64-mingw32/bin/../lib/gcc/nios2-elf/5.3.0/../../../../../H-x86_64-mingw32/nios2-elf/lib/mno-hw-mul\libc.a(lib_a-fwalk.o)
                0x00000000000833fc                _fwalk
 .text._fwalk_reent
                0x00000000000834c0       0xc4 c:/intelfpga_lite/18.1/nios2eds/bin/gnu/h-x86_64-mingw32/bin/../lib/gcc/nios2-elf/5.3.0/../../../../../H-x86_64-mingw32/nios2-elf/lib/mno-hw-mul\libc.a(lib_a-fwalk.o)
                0x00000000000834c0                _fwalk_reent
 .text          0x0000000000083584        0x0 c:/intelfpga_lite/18.1/nios2eds/bin/gnu/h-x86_64-mingw32/bin/../lib/gcc/nios2-elf/5.3.0/../../../../../H-x86_64-mingw32/nios2-elf/lib/mno-hw-mul\libc.a(lib_a-makebuf.o)
 .text.__smakebuf_r
                0x0000000000083584      0x1bc c:/intelfpga_lite/18.1/nios2eds/bin/gnu/h-x86_64-mingw32/bin/../lib/gcc/nios2-elf/5.3.0/../../../../../H-x86_64-mingw32/nios2-elf/lib/mno-hw-mul\libc.a(lib_a-makebuf.o)
                0x0000000000083584                __smakebuf_r
 .text          0x0000000000083740        0x0 c:/intelfpga_lite/18.1/nios2eds/bin/gnu/h-x86_64-mingw32/bin/../lib/gcc/nios2-elf/5.3.0/../../../../../H-x86_64-mingw32/nios2-elf/lib/mno-hw-mul\libc.a(lib_a-mallocr.o)
 .text._malloc_r
                0x0000000000083740      0x80c c:/intelfpga_lite/18.1/nios2eds/bin/gnu/h-x86_64-mingw32/bin/../lib/gcc/nios2-elf/5.3.0/../../../../../H-x86_64-mingw32/nios2-elf/lib/mno-hw-mul\libc.a(lib_a-mallocr.o)
                0x0000000000083740                _malloc_r
 .text          0x0000000000083f4c        0x0 c:/intelfpga_lite/18.1/nios2eds/bin/gnu/h-x86_64-mingw32/bin/../lib/gcc/nios2-elf/5.3.0/../../../../../H-x86_64-mingw32/nios2-elf/lib/mno-hw-mul\libc.a(lib_a-memset.o)
 .text.memset   0x0000000000083f4c      0x128 c:/intelfpga_lite/18.1/nios2eds/bin/gnu/h-x86_64-mingw32/bin/../lib/gcc/nios2-elf/5.3.0/../../../../../H-x86_64-mingw32/nios2-elf/lib/mno-hw-mul\libc.a(lib_a-memset.o)
                0x0000000000083f4c                memset
 .text          0x0000000000084074        0x0 c:/intelfpga_lite/18.1/nios2eds/bin/gnu/h-x86_64-mingw32/bin/../lib/gcc/nios2-elf/5.3.0/../../../../../H-x86_64-mingw32/nios2-elf/lib/mno-hw-mul\libc.a(lib_a-refill.o)
 .text.lflush   0x0000000000084074       0x1c c:/intelfpga_lite/18.1/nios2eds/bin/gnu/h-x86_64-mingw32/bin/../lib/gcc/nios2-elf/5.3.0/../../../../../H-x86_64-mingw32/nios2-elf/lib/mno-hw-mul\libc.a(lib_a-refill.o)
 .text.__srefill_r
                0x0000000000084090      0x1d4 c:/intelfpga_lite/18.1/nios2eds/bin/gnu/h-x86_64-mingw32/bin/../lib/gcc/nios2-elf/5.3.0/../../../../../H-x86_64-mingw32/nios2-elf/lib/mno-hw-mul\libc.a(lib_a-refill.o)
                0x0000000000084090                __srefill_r
 .text          0x0000000000084264        0x0 c:/intelfpga_lite/18.1/nios2eds/bin/gnu/h-x86_64-mingw32/bin/../lib/gcc/nios2-elf/5.3.0/../../../../../H-x86_64-mingw32/nios2-elf/lib/mno-hw-mul\libc.a(lib_a-sbrkr.o)
 .text._sbrk_r  0x0000000000084264       0x54 c:/intelfpga_lite/18.1/nios2eds/bin/gnu/h-x86_64-mingw32/bin/../lib/gcc/nios2-elf/5.3.0/../../../../../H-x86_64-mingw32/nios2-elf/lib/mno-hw-mul\libc.a(lib_a-sbrkr.o)
                0x0000000000084264                _sbrk_r
 .text          0x00000000000842b8        0x0 c:/intelfpga_lite/18.1/nios2eds/bin/gnu/h-x86_64-mingw32/bin/../lib/gcc/nios2-elf/5.3.0/../../../../../H-x86_64-mingw32/nios2-elf/lib/mno-hw-mul\libc.a(lib_a-stdio.o)
 .text.__sread  0x00000000000842b8       0x54 c:/intelfpga_lite/18.1/nios2eds/bin/gnu/h-x86_64-mingw32/bin/../lib/gcc/nios2-elf/5.3.0/../../../../../H-x86_64-mingw32/nios2-elf/lib/mno-hw-mul\libc.a(lib_a-stdio.o)
                0x00000000000842b8                __sread
 .text.__seofread
                0x000000000008430c        0x8 c:/intelfpga_lite/18.1/nios2eds/bin/gnu/h-x86_64-mingw32/bin/../lib/gcc/nios2-elf/5.3.0/../../../../../H-x86_64-mingw32/nios2-elf/lib/mno-hw-mul\libc.a(lib_a-stdio.o)
                0x000000000008430c                __seofread
 .text.__swrite
                0x0000000000084314       0x7c c:/intelfpga_lite/18.1/nios2eds/bin/gnu/h-x86_64-mingw32/bin/../lib/gcc/nios2-elf/5.3.0/../../../../../H-x86_64-mingw32/nios2-elf/lib/mno-hw-mul\libc.a(lib_a-stdio.o)
                0x0000000000084314                __swrite
 .text.__sseek  0x0000000000084390       0x5c c:/intelfpga_lite/18.1/nios2eds/bin/gnu/h-x86_64-mingw32/bin/../lib/gcc/nios2-elf/5.3.0/../../../../../H-x86_64-mingw32/nios2-elf/lib/mno-hw-mul\libc.a(lib_a-stdio.o)
                0x0000000000084390                __sseek
 .text.__sclose
                0x00000000000843ec        0x8 c:/intelfpga_lite/18.1/nios2eds/bin/gnu/h-x86_64-mingw32/bin/../lib/gcc/nios2-elf/5.3.0/../../../../../H-x86_64-mingw32/nios2-elf/lib/mno-hw-mul\libc.a(lib_a-stdio.o)
                0x00000000000843ec                __sclose
 .text          0x00000000000843f4        0x0 c:/intelfpga_lite/18.1/nios2eds/bin/gnu/h-x86_64-mingw32/bin/../lib/gcc/nios2-elf/5.3.0/../../../../../H-x86_64-mingw32/nios2-elf/lib/mno-hw-mul\libc.a(lib_a-writer.o)
 .text._write_r
                0x00000000000843f4       0x60 c:/intelfpga_lite/18.1/nios2eds/bin/gnu/h-x86_64-mingw32/bin/../lib/gcc/nios2-elf/5.3.0/../../../../../H-x86_64-mingw32/nios2-elf/lib/mno-hw-mul\libc.a(lib_a-writer.o)
                0x00000000000843f4                _write_r
 .text          0x0000000000084454        0x0 c:/intelfpga_lite/18.1/nios2eds/bin/gnu/h-x86_64-mingw32/bin/../lib/gcc/nios2-elf/5.3.0/../../../../../H-x86_64-mingw32/nios2-elf/lib/mno-hw-mul\libc.a(closer.o)
 .text._close_r
                0x0000000000084454       0x54 c:/intelfpga_lite/18.1/nios2eds/bin/gnu/h-x86_64-mingw32/bin/../lib/gcc/nios2-elf/5.3.0/../../../../../H-x86_64-mingw32/nios2-elf/lib/mno-hw-mul\libc.a(closer.o)
                0x0000000000084454                _close_r
 .text          0x00000000000844a8        0x0 c:/intelfpga_lite/18.1/nios2eds/bin/gnu/h-x86_64-mingw32/bin/../lib/gcc/nios2-elf/5.3.0/../../../../../H-x86_64-mingw32/nios2-elf/lib/mno-hw-mul\libc.a(lib_a-fclose.o)
 .text._fclose_r
                0x00000000000844a8       0xf0 c:/intelfpga_lite/18.1/nios2eds/bin/gnu/h-x86_64-mingw32/bin/../lib/gcc/nios2-elf/5.3.0/../../../../../H-x86_64-mingw32/nios2-elf/lib/mno-hw-mul\libc.a(lib_a-fclose.o)
                0x00000000000844a8                _fclose_r
 .text.fclose   0x0000000000084598       0x14 c:/intelfpga_lite/18.1/nios2eds/bin/gnu/h-x86_64-mingw32/bin/../lib/gcc/nios2-elf/5.3.0/../../../../../H-x86_64-mingw32/nios2-elf/lib/mno-hw-mul\libc.a(lib_a-fclose.o)
                0x0000000000084598                fclose
 .text          0x00000000000845ac        0x0 c:/intelfpga_lite/18.1/nios2eds/bin/gnu/h-x86_64-mingw32/bin/../lib/gcc/nios2-elf/5.3.0/../../../../../H-x86_64-mingw32/nios2-elf/lib/mno-hw-mul\libc.a(lib_a-fstatr.o)
 .text._fstat_r
                0x00000000000845ac       0x5c c:/intelfpga_lite/18.1/nios2eds/bin/gnu/h-x86_64-mingw32/bin/../lib/gcc/nios2-elf/5.3.0/../../../../../H-x86_64-mingw32/nios2-elf/lib/mno-hw-mul\libc.a(lib_a-fstatr.o)
                0x00000000000845ac                _fstat_r
 .text          0x0000000000084608        0x0 c:/intelfpga_lite/18.1/nios2eds/bin/gnu/h-x86_64-mingw32/bin/../lib/gcc/nios2-elf/5.3.0/../../../../../H-x86_64-mingw32/nios2-elf/lib/mno-hw-mul\libc.a(lib_a-isattyr.o)
 .text._isatty_r
                0x0000000000084608       0x54 c:/intelfpga_lite/18.1/nios2eds/bin/gnu/h-x86_64-mingw32/bin/../lib/gcc/nios2-elf/5.3.0/../../../../../H-x86_64-mingw32/nios2-elf/lib/mno-hw-mul\libc.a(lib_a-isattyr.o)
                0x0000000000084608                _isatty_r
 .text          0x000000000008465c        0x0 c:/intelfpga_lite/18.1/nios2eds/bin/gnu/h-x86_64-mingw32/bin/../lib/gcc/nios2-elf/5.3.0/../../../../../H-x86_64-mingw32/nios2-elf/lib/mno-hw-mul\libc.a(lib_a-lseekr.o)
 .text._lseek_r
                0x000000000008465c       0x60 c:/intelfpga_lite/18.1/nios2eds/bin/gnu/h-x86_64-mingw32/bin/../lib/gcc/nios2-elf/5.3.0/../../../../../H-x86_64-mingw32/nios2-elf/lib/mno-hw-mul\libc.a(lib_a-lseekr.o)
                0x000000000008465c                _lseek_r
 .text          0x00000000000846bc        0x0 c:/intelfpga_lite/18.1/nios2eds/bin/gnu/h-x86_64-mingw32/bin/../lib/gcc/nios2-elf/5.3.0/../../../../../H-x86_64-mingw32/nios2-elf/lib/mno-hw-mul\libc.a(lib_a-readr.o)
 .text._read_r  0x00000000000846bc       0x60 c:/intelfpga_lite/18.1/nios2eds/bin/gnu/h-x86_64-mingw32/bin/../lib/gcc/nios2-elf/5.3.0/../../../../../H-x86_64-mingw32/nios2-elf/lib/mno-hw-mul\libc.a(lib_a-readr.o)
                0x00000000000846bc                _read_r
 .text          0x000000000008471c       0x28 c:/intelfpga_lite/18.1/nios2eds/bin/gnu/h-x86_64-mingw32/bin/../lib/gcc/nios2-elf/5.3.0/mno-hw-mul\libgcc.a(lib2-mul.o)
                0x000000000008471c                __mulsi3
 .text          0x0000000000084744       0x14 BSP/\libhal_bsp.a(alt_exit.o)
                0x0000000000084744                _exit
 .text          0x0000000000084758       0xb4 BSP/\libhal_bsp.a(alt_fstat.o)
                0x0000000000084758                fstat
 .text          0x000000000008480c       0xa0 BSP/\libhal_bsp.a(alt_isatty.o)
                0x000000000008480c                isatty
 .text          0x00000000000848ac       0xd8 BSP/\libhal_bsp.a(alt_lseek.o)
                0x00000000000848ac                lseek
 .text          0x0000000000084984        0x8 BSP/\libhal_bsp.a(alt_malloc_lock.o)
                0x0000000000084984                __malloc_lock
                0x0000000000084988                __malloc_unlock
 .text          0x000000000008498c      0x128 BSP/\libhal_bsp.a(alt_read.o)
                0x000000000008498c                read
 .text          0x0000000000084ab4       0x4c BSP/\libhal_bsp.a(alt_sbrk.o)
                0x0000000000084ab4                sbrk
 .text          0x0000000000084b00      0x124 BSP/\libhal_bsp.a(alt_write.o)
                0x0000000000084b00                write
 *(.gnu.warning.*)
 *(.fini)
                [!provide]                        PROVIDE (__etext, ABSOLUTE (.))
                [!provide]                        PROVIDE (_etext, ABSOLUTE (.))
                [!provide]                        PROVIDE (etext, ABSOLUTE (.))
 *(.eh_frame_hdr)
                0x0000000000084c24                . = ALIGN (0x4)
                [!provide]                        PROVIDE (__preinit_array_start, ABSOLUTE (.))
 *(.preinit_array)
                [!provide]                        PROVIDE (__preinit_array_end, ABSOLUTE (.))
                [!provide]                        PROVIDE (__init_array_start, ABSOLUTE (.))
 *(.init_array)
                [!provide]                        PROVIDE (__init_array_end, ABSOLUTE (.))
                [!provide]                        PROVIDE (__fini_array_start, ABSOLUTE (.))
 *(.fini_array)
                [!provide]                        PROVIDE (__fini_array_end, ABSOLUTE (.))
 *(.eh_frame)
 *(.gcc_except_table .gcc_except_table.*)
 *(.dynamic)
                [!provide]                        PROVIDE (__CTOR_LIST__, ABSOLUTE (.))
 *(.ctors)
 *(SORT(.ctors.*))
                [!provide]                        PROVIDE (__CTOR_END__, ABSOLUTE (.))
                [!provide]                        PROVIDE (__DTOR_LIST__, ABSOLUTE (.))
 *(.dtors)
 *(SORT(.dtors.*))
                [!provide]                        PROVIDE (__DTOR_END__, ABSOLUTE (.))
 *(.jcr)
                0x0000000000084c24                . = ALIGN (0x4)

.rodata         0x0000000000084c24      0x140
                0x0000000000084c24                PROVIDE (__ram_rodata_start, ABSOLUTE (.))
                0x0000000000084c24                . = ALIGN (0x4)
 *(.rodata .rodata.* .gnu.linkonce.r.*)
 .rodata.str1.4
                0x0000000000084c24      0x120 obj/default//C/Users/julia/Documents/tse_tutorial/app_software/tse_tutorial.o
 .rodata.str1.4
                0x0000000000084d44        0xf BSP/\libhal_bsp.a(alt_main.o)
 .rodata.str1.4
                0x0000000000084d53       0x2f BSP/\libhal_bsp.a(alt_sys_init.o)
 *fill*         0x0000000000084d53        0x1 
 .rodata.str1.4
                0x0000000000084d54        0xa BSP/\libhal_bsp.a(alt_dev.o)
 *fill*         0x0000000000084d5e        0x2 
 .rodata.str1.4
                0x0000000000084d60        0x4 c:/intelfpga_lite/18.1/nios2eds/bin/gnu/h-x86_64-mingw32/bin/../lib/gcc/nios2-elf/5.3.0/../../../../../H-x86_64-mingw32/nios2-elf/lib/mno-hw-mul\libc.a(lib_a-impure.o)
                                          0x2 (size before relaxing)
 *(.rodata1)
                0x0000000000084d64                . = ALIGN (0x4)
                0x0000000000084d64                PROVIDE (__ram_rodata_end, ABSOLUTE (.))
                0x0000000000084c24                PROVIDE (__flash_rodata_start, LOADADDR (.rodata))

.rwdata         0x0000000000084d64     0x1ed4 load address 0x0000000000086c38
                0x0000000000084d64                PROVIDE (__ram_rwdata_start, ABSOLUTE (.))
                0x0000000000084d64                . = ALIGN (0x4)
 *(.got.plt)
 *(.got)
 *(.data1)
 *(.data .data.* .gnu.linkonce.d.*)
 .data          0x0000000000084d64        0x0 BSP//obj/HAL/src/crt0.o
 .data          0x0000000000084d64      0x400 obj/default//C/Users/julia/Documents/tse_tutorial/app_software/tse_tutorial.o
                0x0000000000084d64                tx_frame
 .data          0x0000000000085164        0x0 BSP/\libhal_bsp.a(alt_getchar.o)
 .data          0x0000000000085164        0x0 BSP/\libhal_bsp.a(alt_load.o)
 .data          0x0000000000085164        0x0 BSP/\libhal_bsp.a(alt_main.o)
 .data          0x0000000000085164        0x0 BSP/\libhal_bsp.a(alt_printf.o)
 .data          0x0000000000085164        0x0 BSP/\libhal_bsp.a(alt_putchar.o)
 .data          0x0000000000085164     0x10c0 BSP/\libhal_bsp.a(alt_sys_init.o)
 .data          0x0000000000086224        0x0 BSP/\libhal_bsp.a(altera_avalon_jtag_uart_fd.o)
 .data          0x0000000000086224        0x0 BSP/\libhal_bsp.a(altera_avalon_jtag_uart_init.o)
 .data          0x0000000000086224        0x0 BSP/\libhal_bsp.a(altera_avalon_jtag_uart_ioctl.o)
 .data          0x0000000000086224        0x0 BSP/\libhal_bsp.a(altera_avalon_jtag_uart_read.o)
 .data          0x0000000000086224        0x0 BSP/\libhal_bsp.a(altera_avalon_jtag_uart_write.o)
 .data          0x0000000000086224        0x0 BSP/\libhal_bsp.a(altera_avalon_sgdma.o)
 .data          0x0000000000086224        0x0 BSP/\libhal_bsp.a(alt_alarm_start.o)
 .data          0x0000000000086224        0x0 BSP/\libhal_bsp.a(alt_close.o)
 .data          0x0000000000086224        0x0 BSP/\libhal_bsp.a(alt_dcache_flush.o)
 .data          0x0000000000086224        0x0 BSP/\libhal_bsp.a(alt_dcache_flush_all.o)
 .data          0x0000000000086224      0x1a8 BSP/\libhal_bsp.a(alt_dev.o)
                0x0000000000086224                alt_fd_list
                0x00000000000863a4                alt_dev_null
 .data          0x00000000000863cc        0x0 BSP/\libhal_bsp.a(alt_dev_llist_insert.o)
 .data          0x00000000000863cc        0x0 BSP/\libhal_bsp.a(alt_errno.o)
 .data          0x00000000000863cc        0x0 BSP/\libhal_bsp.a(alt_find_dev.o)
 .data          0x00000000000863cc        0x0 BSP/\libhal_bsp.a(alt_icache_flush_all.o)
 .data          0x00000000000863cc        0x0 BSP/\libhal_bsp.a(alt_iic.o)
 .data          0x00000000000863cc        0x0 BSP/\libhal_bsp.a(alt_iic_isr_register.o)
 .data          0x00000000000863cc        0x0 BSP/\libhal_bsp.a(alt_io_redirect.o)
 .data          0x00000000000863cc        0x0 BSP/\libhal_bsp.a(alt_irq_entry.o)
 .data          0x00000000000863cc        0x0 BSP/\libhal_bsp.a(alt_irq_handler.o)
 .data          0x00000000000863cc        0x0 BSP/\libhal_bsp.a(alt_irq_vars.o)
 .data          0x00000000000863cc        0x0 BSP/\libhal_bsp.a(alt_open.o)
 .data          0x00000000000863cc        0x0 BSP/\libhal_bsp.a(alt_release_fd.o)
 .data          0x00000000000863cc        0x0 BSP/\libhal_bsp.a(alt_tick.o)
 .data          0x00000000000863cc        0x0 BSP/\libhal_bsp.a(altera_nios2_gen2_irq.o)
 .data          0x00000000000863cc        0x0 BSP/\libhal_bsp.a(alt_exception_entry.o)
 .data          0x00000000000863cc        0x0 BSP/\libhal_bsp.a(alt_find_file.o)
 .data          0x00000000000863cc        0x0 BSP/\libhal_bsp.a(alt_get_fd.o)
 .data          0x00000000000863cc        0x0 BSP/\libhal_bsp.a(alt_instruction_exception_entry.o)
 .data          0x00000000000863cc        0x0 c:/intelfpga_lite/18.1/nios2eds/bin/gnu/h-x86_64-mingw32/bin/../lib/gcc/nios2-elf/5.3.0/../../../../../H-x86_64-mingw32/nios2-elf/lib/mno-hw-mul\libc.a(lib_a-exit.o)
 .data          0x00000000000863cc        0x0 c:/intelfpga_lite/18.1/nios2eds/bin/gnu/h-x86_64-mingw32/bin/../lib/gcc/nios2-elf/5.3.0/../../../../../H-x86_64-mingw32/nios2-elf/lib/mno-hw-mul\libc.a(lib_a-getc.o)
 .data          0x00000000000863cc        0x0 c:/intelfpga_lite/18.1/nios2eds/bin/gnu/h-x86_64-mingw32/bin/../lib/gcc/nios2-elf/5.3.0/../../../../../H-x86_64-mingw32/nios2-elf/lib/mno-hw-mul\libc.a(lib_a-impure.o)
 .data.impure_data
                0x00000000000863cc      0x424 c:/intelfpga_lite/18.1/nios2eds/bin/gnu/h-x86_64-mingw32/bin/../lib/gcc/nios2-elf/5.3.0/../../../../../H-x86_64-mingw32/nios2-elf/lib/mno-hw-mul\libc.a(lib_a-impure.o)
 .data          0x00000000000867f0        0x0 c:/intelfpga_lite/18.1/nios2eds/bin/gnu/h-x86_64-mingw32/bin/../lib/gcc/nios2-elf/5.3.0/../../../../../H-x86_64-mingw32/nios2-elf/lib/mno-hw-mul\libc.a(lib_a-int_errno.o)
 .data          0x00000000000867f0        0x0 c:/intelfpga_lite/18.1/nios2eds/bin/gnu/h-x86_64-mingw32/bin/../lib/gcc/nios2-elf/5.3.0/../../../../../H-x86_64-mingw32/nios2-elf/lib/mno-hw-mul\libc.a(lib_a-memcmp.o)
 .data          0x00000000000867f0        0x0 c:/intelfpga_lite/18.1/nios2eds/bin/gnu/h-x86_64-mingw32/bin/../lib/gcc/nios2-elf/5.3.0/../../../../../H-x86_64-mingw32/nios2-elf/lib/mno-hw-mul\libc.a(lib_a-memcpy.o)
 .data          0x00000000000867f0        0x0 c:/intelfpga_lite/18.1/nios2eds/bin/gnu/h-x86_64-mingw32/bin/../lib/gcc/nios2-elf/5.3.0/../../../../../H-x86_64-mingw32/nios2-elf/lib/mno-hw-mul\libc.a(lib_a-putc.o)
 .data          0x00000000000867f0        0x0 c:/intelfpga_lite/18.1/nios2eds/bin/gnu/h-x86_64-mingw32/bin/../lib/gcc/nios2-elf/5.3.0/../../../../../H-x86_64-mingw32/nios2-elf/lib/mno-hw-mul\libc.a(lib_a-rget.o)
 .data          0x00000000000867f0        0x0 c:/intelfpga_lite/18.1/nios2eds/bin/gnu/h-x86_64-mingw32/bin/../lib/gcc/nios2-elf/5.3.0/../../../../../H-x86_64-mingw32/nios2-elf/lib/mno-hw-mul\libc.a(lib_a-strlen.o)
 .data          0x00000000000867f0        0x0 c:/intelfpga_lite/18.1/nios2eds/bin/gnu/h-x86_64-mingw32/bin/../lib/gcc/nios2-elf/5.3.0/../../../../../H-x86_64-mingw32/nios2-elf/lib/mno-hw-mul\libc.a(lib_a-wbuf.o)
 .data          0x00000000000867f0        0x0 c:/intelfpga_lite/18.1/nios2eds/bin/gnu/h-x86_64-mingw32/bin/../lib/gcc/nios2-elf/5.3.0/../../../../../H-x86_64-mingw32/nios2-elf/lib/mno-hw-mul\libc.a(lib_a-wsetup.o)
 .data          0x00000000000867f0        0x0 c:/intelfpga_lite/18.1/nios2eds/bin/gnu/h-x86_64-mingw32/bin/../lib/gcc/nios2-elf/5.3.0/../../../../../H-x86_64-mingw32/nios2-elf/lib/mno-hw-mul\libc.a(lib_a-__call_atexit.o)
 .data          0x00000000000867f0        0x0 c:/intelfpga_lite/18.1/nios2eds/bin/gnu/h-x86_64-mingw32/bin/../lib/gcc/nios2-elf/5.3.0/../../../../../H-x86_64-mingw32/nios2-elf/lib/mno-hw-mul\libc.a(lib_a-fflush.o)
 .data          0x00000000000867f0        0x0 c:/intelfpga_lite/18.1/nios2eds/bin/gnu/h-x86_64-mingw32/bin/../lib/gcc/nios2-elf/5.3.0/../../../../../H-x86_64-mingw32/nios2-elf/lib/mno-hw-mul\libc.a(lib_a-findfp.o)
 .data          0x00000000000867f0        0x0 c:/intelfpga_lite/18.1/nios2eds/bin/gnu/h-x86_64-mingw32/bin/../lib/gcc/nios2-elf/5.3.0/../../../../../H-x86_64-mingw32/nios2-elf/lib/mno-hw-mul\libc.a(lib_a-freer.o)
 .data          0x00000000000867f0        0x0 c:/intelfpga_lite/18.1/nios2eds/bin/gnu/h-x86_64-mingw32/bin/../lib/gcc/nios2-elf/5.3.0/../../../../../H-x86_64-mingw32/nios2-elf/lib/mno-hw-mul\libc.a(lib_a-fwalk.o)
 .data          0x00000000000867f0        0x0 c:/intelfpga_lite/18.1/nios2eds/bin/gnu/h-x86_64-mingw32/bin/../lib/gcc/nios2-elf/5.3.0/../../../../../H-x86_64-mingw32/nios2-elf/lib/mno-hw-mul\libc.a(lib_a-makebuf.o)
 .data          0x00000000000867f0        0x0 c:/intelfpga_lite/18.1/nios2eds/bin/gnu/h-x86_64-mingw32/bin/../lib/gcc/nios2-elf/5.3.0/../../../../../H-x86_64-mingw32/nios2-elf/lib/mno-hw-mul\libc.a(lib_a-mallocr.o)
 .data.__malloc_av_
                0x00000000000867f0      0x408 c:/intelfpga_lite/18.1/nios2eds/bin/gnu/h-x86_64-mingw32/bin/../lib/gcc/nios2-elf/5.3.0/../../../../../H-x86_64-mingw32/nios2-elf/lib/mno-hw-mul\libc.a(lib_a-mallocr.o)
                0x00000000000867f0                __malloc_av_
 .data          0x0000000000086bf8        0x0 c:/intelfpga_lite/18.1/nios2eds/bin/gnu/h-x86_64-mingw32/bin/../lib/gcc/nios2-elf/5.3.0/../../../../../H-x86_64-mingw32/nios2-elf/lib/mno-hw-mul\libc.a(lib_a-memset.o)
 .data          0x0000000000086bf8        0x0 c:/intelfpga_lite/18.1/nios2eds/bin/gnu/h-x86_64-mingw32/bin/../lib/gcc/nios2-elf/5.3.0/../../../../../H-x86_64-mingw32/nios2-elf/lib/mno-hw-mul\libc.a(lib_a-refill.o)
 .data          0x0000000000086bf8        0x0 c:/intelfpga_lite/18.1/nios2eds/bin/gnu/h-x86_64-mingw32/bin/../lib/gcc/nios2-elf/5.3.0/../../../../../H-x86_64-mingw32/nios2-elf/lib/mno-hw-mul\libc.a(lib_a-sbrkr.o)
 .data          0x0000000000086bf8        0x0 c:/intelfpga_lite/18.1/nios2eds/bin/gnu/h-x86_64-mingw32/bin/../lib/gcc/nios2-elf/5.3.0/../../../../../H-x86_64-mingw32/nios2-elf/lib/mno-hw-mul\libc.a(lib_a-stdio.o)
 .data          0x0000000000086bf8        0x0 c:/intelfpga_lite/18.1/nios2eds/bin/gnu/h-x86_64-mingw32/bin/../lib/gcc/nios2-elf/5.3.0/../../../../../H-x86_64-mingw32/nios2-elf/lib/mno-hw-mul\libc.a(lib_a-writer.o)
 .data          0x0000000000086bf8        0x0 c:/intelfpga_lite/18.1/nios2eds/bin/gnu/h-x86_64-mingw32/bin/../lib/gcc/nios2-elf/5.3.0/../../../../../H-x86_64-mingw32/nios2-elf/lib/mno-hw-mul\libc.a(closer.o)
 .data          0x0000000000086bf8        0x0 c:/intelfpga_lite/18.1/nios2eds/bin/gnu/h-x86_64-mingw32/bin/../lib/gcc/nios2-elf/5.3.0/../../../../../H-x86_64-mingw32/nios2-elf/lib/mno-hw-mul\libc.a(lib_a-fclose.o)
 .data          0x0000000000086bf8        0x0 c:/intelfpga_lite/18.1/nios2eds/bin/gnu/h-x86_64-mingw32/bin/../lib/gcc/nios2-elf/5.3.0/../../../../../H-x86_64-mingw32/nios2-elf/lib/mno-hw-mul\libc.a(lib_a-fstatr.o)
 .data          0x0000000000086bf8        0x0 c:/intelfpga_lite/18.1/nios2eds/bin/gnu/h-x86_64-mingw32/bin/../lib/gcc/nios2-elf/5.3.0/../../../../../H-x86_64-mingw32/nios2-elf/lib/mno-hw-mul\libc.a(lib_a-isattyr.o)
 .data          0x0000000000086bf8        0x0 c:/intelfpga_lite/18.1/nios2eds/bin/gnu/h-x86_64-mingw32/bin/../lib/gcc/nios2-elf/5.3.0/../../../../../H-x86_64-mingw32/nios2-elf/lib/mno-hw-mul\libc.a(lib_a-lseekr.o)
 .data          0x0000000000086bf8        0x0 c:/intelfpga_lite/18.1/nios2eds/bin/gnu/h-x86_64-mingw32/bin/../lib/gcc/nios2-elf/5.3.0/../../../../../H-x86_64-mingw32/nios2-elf/lib/mno-hw-mul\libc.a(lib_a-readr.o)
 .data          0x0000000000086bf8        0x0 c:/intelfpga_lite/18.1/nios2eds/bin/gnu/h-x86_64-mingw32/bin/../lib/gcc/nios2-elf/5.3.0/mno-hw-mul\libgcc.a(lib2-mul.o)
 .data          0x0000000000086bf8        0x0 BSP/\libhal_bsp.a(alt_exit.o)
 .data          0x0000000000086bf8        0x0 BSP/\libhal_bsp.a(alt_fstat.o)
 .data          0x0000000000086bf8        0x0 BSP/\libhal_bsp.a(alt_isatty.o)
 .data          0x0000000000086bf8        0x0 BSP/\libhal_bsp.a(alt_lseek.o)
 .data          0x0000000000086bf8        0x0 BSP/\libhal_bsp.a(alt_malloc_lock.o)
 .data          0x0000000000086bf8        0x0 BSP/\libhal_bsp.a(alt_read.o)
 .data          0x0000000000086bf8        0x0 BSP/\libhal_bsp.a(alt_sbrk.o)
 .data          0x0000000000086bf8        0x0 BSP/\libhal_bsp.a(alt_write.o)
                0x000000000008ebf8                _gp = ABSOLUTE ((. + 0x8000))
                [!provide]                        PROVIDE (gp, _gp)
 *(.rwdata .rwdata.*)
 *(.sdata .sdata.* .gnu.linkonce.s.*)
 .sdata         0x0000000000086bf8        0x8 BSP/\libhal_bsp.a(altera_avalon_sgdma.o)
                0x0000000000086bf8                alt_sgdma_list
 .sdata         0x0000000000086c00       0x14 BSP/\libhal_bsp.a(alt_dev.o)
                0x0000000000086c00                alt_max_fd
                0x0000000000086c04                alt_dev_list
                0x0000000000086c0c                alt_fs_list
 .sdata         0x0000000000086c14        0x4 BSP/\libhal_bsp.a(alt_errno.o)
                0x0000000000086c14                alt_errno
 .sdata         0x0000000000086c18        0x4 BSP/\libhal_bsp.a(alt_irq_vars.o)
                0x0000000000086c18                alt_priority_mask
 .sdata         0x0000000000086c1c        0x8 BSP/\libhal_bsp.a(alt_tick.o)
                0x0000000000086c1c                alt_alarm_list
 .sdata._global_impure_ptr
                0x0000000000086c24        0x4 c:/intelfpga_lite/18.1/nios2eds/bin/gnu/h-x86_64-mingw32/bin/../lib/gcc/nios2-elf/5.3.0/../../../../../H-x86_64-mingw32/nios2-elf/lib/mno-hw-mul\libc.a(lib_a-impure.o)
                0x0000000000086c24                _global_impure_ptr
 .sdata._impure_ptr
                0x0000000000086c28        0x4 c:/intelfpga_lite/18.1/nios2eds/bin/gnu/h-x86_64-mingw32/bin/../lib/gcc/nios2-elf/5.3.0/../../../../../H-x86_64-mingw32/nios2-elf/lib/mno-hw-mul\libc.a(lib_a-impure.o)
                0x0000000000086c28                _impure_ptr
 .sdata.__malloc_sbrk_base
                0x0000000000086c2c        0x4 c:/intelfpga_lite/18.1/nios2eds/bin/gnu/h-x86_64-mingw32/bin/../lib/gcc/nios2-elf/5.3.0/../../../../../H-x86_64-mingw32/nios2-elf/lib/mno-hw-mul\libc.a(lib_a-mallocr.o)
                0x0000000000086c2c                __malloc_sbrk_base
 .sdata.__malloc_trim_threshold
                0x0000000000086c30        0x4 c:/intelfpga_lite/18.1/nios2eds/bin/gnu/h-x86_64-mingw32/bin/../lib/gcc/nios2-elf/5.3.0/../../../../../H-x86_64-mingw32/nios2-elf/lib/mno-hw-mul\libc.a(lib_a-mallocr.o)
                0x0000000000086c30                __malloc_trim_threshold
 .sdata         0x0000000000086c34        0x4 BSP/\libhal_bsp.a(alt_sbrk.o)
 *(.sdata2 .sdata2.* .gnu.linkonce.s2.*)
                0x0000000000086c38                . = ALIGN (0x4)
                0x0000000000086c38                _edata = ABSOLUTE (.)
                [!provide]                        PROVIDE (edata, ABSOLUTE (.))
                0x0000000000086c38                PROVIDE (__ram_rwdata_end, ABSOLUTE (.))
                0x0000000000086c38                PROVIDE (__flash_rwdata_start, LOADADDR (.rwdata))

.bss            0x0000000000088b0c      0x560
                0x0000000000088b0c                __bss_start = ABSOLUTE (.)
                [!provide]                        PROVIDE (__sbss_start, ABSOLUTE (.))
                [!provide]                        PROVIDE (___sbss_start, ABSOLUTE (.))
 *(.dynsbss)
 *(.sbss .sbss.* .gnu.linkonce.sb.*)
 .sbss          0x0000000000088b0c        0xc obj/default//C/Users/julia/Documents/tse_tutorial/app_software/tse_tutorial.o
                0x0000000000088b0c                sgdma_tx_dev
                0x0000000000088b10                text_length
                0x0000000000088b14                sgdma_rx_dev
 .sbss          0x0000000000088b18        0xc BSP/\libhal_bsp.a(alt_main.o)
                0x0000000000088b18                alt_envp
                0x0000000000088b1c                alt_argv
                0x0000000000088b20                alt_argc
 .sbss          0x0000000000088b24        0x4 BSP/\libhal_bsp.a(alt_irq_vars.o)
                0x0000000000088b24                alt_irq_active
 .sbss          0x0000000000088b28        0x8 BSP/\libhal_bsp.a(alt_tick.o)
                0x0000000000088b28                _alt_nticks
                0x0000000000088b2c                _alt_tick_rate
 .sbss          0x0000000000088b30        0x4 BSP/\libhal_bsp.a(alt_instruction_exception_entry.o)
                0x0000000000088b30                alt_instruction_exception_handler
 .sbss          0x0000000000088b34        0x4 c:/intelfpga_lite/18.1/nios2eds/bin/gnu/h-x86_64-mingw32/bin/../lib/gcc/nios2-elf/5.3.0/../../../../../H-x86_64-mingw32/nios2-elf/lib/mno-hw-mul\libc.a(lib_a-int_errno.o)
                0x0000000000088b34                errno
 .sbss.__malloc_max_total_mem
                0x0000000000088b38        0x4 c:/intelfpga_lite/18.1/nios2eds/bin/gnu/h-x86_64-mingw32/bin/../lib/gcc/nios2-elf/5.3.0/../../../../../H-x86_64-mingw32/nios2-elf/lib/mno-hw-mul\libc.a(lib_a-mallocr.o)
                0x0000000000088b38                __malloc_max_total_mem
 .sbss.__malloc_max_sbrked_mem
                0x0000000000088b3c        0x4 c:/intelfpga_lite/18.1/nios2eds/bin/gnu/h-x86_64-mingw32/bin/../lib/gcc/nios2-elf/5.3.0/../../../../../H-x86_64-mingw32/nios2-elf/lib/mno-hw-mul\libc.a(lib_a-mallocr.o)
                0x0000000000088b3c                __malloc_max_sbrked_mem
 .sbss.__malloc_top_pad
                0x0000000000088b40        0x4 c:/intelfpga_lite/18.1/nios2eds/bin/gnu/h-x86_64-mingw32/bin/../lib/gcc/nios2-elf/5.3.0/../../../../../H-x86_64-mingw32/nios2-elf/lib/mno-hw-mul\libc.a(lib_a-mallocr.o)
                0x0000000000088b40                __malloc_top_pad
 *(.sbss2 .sbss2.* .gnu.linkonce.sb2.*)
 *(.scommon)
                [!provide]                        PROVIDE (__sbss_end, ABSOLUTE (.))
                [!provide]                        PROVIDE (___sbss_end, ABSOLUTE (.))
 *(.dynbss)
 *(.bss .bss.* .gnu.linkonce.b.*)
 .bss           0x0000000000088b44        0x0 BSP//obj/HAL/src/crt0.o
 .bss           0x0000000000088b44      0x400 obj/default//C/Users/julia/Documents/tse_tutorial/app_software/tse_tutorial.o
                0x0000000000088b44                rx_frame
 .bss           0x0000000000088f44        0x0 BSP/\libhal_bsp.a(alt_getchar.o)
 .bss           0x0000000000088f44        0x0 BSP/\libhal_bsp.a(alt_load.o)
 .bss           0x0000000000088f44        0x0 BSP/\libhal_bsp.a(alt_main.o)
 .bss           0x0000000000088f44        0x0 BSP/\libhal_bsp.a(alt_printf.o)
 .bss           0x0000000000088f44        0x0 BSP/\libhal_bsp.a(alt_putchar.o)
 .bss           0x0000000000088f44        0x0 BSP/\libhal_bsp.a(alt_sys_init.o)
 .bss           0x0000000000088f44        0x0 BSP/\libhal_bsp.a(altera_avalon_jtag_uart_fd.o)
 .bss           0x0000000000088f44        0x0 BSP/\libhal_bsp.a(altera_avalon_jtag_uart_init.o)
 .bss           0x0000000000088f44        0x0 BSP/\libhal_bsp.a(altera_avalon_jtag_uart_ioctl.o)
 .bss           0x0000000000088f44        0x0 BSP/\libhal_bsp.a(altera_avalon_jtag_uart_read.o)
 .bss           0x0000000000088f44        0x0 BSP/\libhal_bsp.a(altera_avalon_jtag_uart_write.o)
 .bss           0x0000000000088f44        0x0 BSP/\libhal_bsp.a(altera_avalon_sgdma.o)
 .bss           0x0000000000088f44        0x0 BSP/\libhal_bsp.a(alt_alarm_start.o)
 .bss           0x0000000000088f44        0x0 BSP/\libhal_bsp.a(alt_close.o)
 .bss           0x0000000000088f44        0x0 BSP/\libhal_bsp.a(alt_dcache_flush.o)
 .bss           0x0000000000088f44        0x0 BSP/\libhal_bsp.a(alt_dcache_flush_all.o)
 .bss           0x0000000000088f44        0x0 BSP/\libhal_bsp.a(alt_dev.o)
 .bss           0x0000000000088f44        0x0 BSP/\libhal_bsp.a(alt_dev_llist_insert.o)
 .bss           0x0000000000088f44        0x0 BSP/\libhal_bsp.a(alt_errno.o)
 .bss           0x0000000000088f44        0x0 BSP/\libhal_bsp.a(alt_find_dev.o)
 .bss           0x0000000000088f44        0x0 BSP/\libhal_bsp.a(alt_icache_flush_all.o)
 .bss           0x0000000000088f44        0x0 BSP/\libhal_bsp.a(alt_iic.o)
 .bss           0x0000000000088f44        0x0 BSP/\libhal_bsp.a(alt_iic_isr_register.o)
 .bss           0x0000000000088f44        0x0 BSP/\libhal_bsp.a(alt_io_redirect.o)
 .bss           0x0000000000088f44        0x0 BSP/\libhal_bsp.a(alt_irq_entry.o)
 .bss           0x0000000000088f44        0x0 BSP/\libhal_bsp.a(alt_irq_handler.o)
 .bss           0x0000000000088f44        0x0 BSP/\libhal_bsp.a(alt_irq_vars.o)
 .bss           0x0000000000088f44        0x0 BSP/\libhal_bsp.a(alt_open.o)
 .bss           0x0000000000088f44        0x0 BSP/\libhal_bsp.a(alt_release_fd.o)
 .bss           0x0000000000088f44        0x0 BSP/\libhal_bsp.a(alt_tick.o)
 .bss           0x0000000000088f44        0x0 BSP/\libhal_bsp.a(altera_nios2_gen2_irq.o)
 .bss           0x0000000000088f44        0x0 BSP/\libhal_bsp.a(alt_exception_entry.o)
 .bss           0x0000000000088f44        0x0 BSP/\libhal_bsp.a(alt_find_file.o)
 .bss           0x0000000000088f44        0x0 BSP/\libhal_bsp.a(alt_get_fd.o)
 .bss           0x0000000000088f44        0x0 BSP/\libhal_bsp.a(alt_instruction_exception_entry.o)
 .bss           0x0000000000088f44        0x0 c:/intelfpga_lite/18.1/nios2eds/bin/gnu/h-x86_64-mingw32/bin/../lib/gcc/nios2-elf/5.3.0/../../../../../H-x86_64-mingw32/nios2-elf/lib/mno-hw-mul\libc.a(lib_a-exit.o)
 .bss           0x0000000000088f44        0x0 c:/intelfpga_lite/18.1/nios2eds/bin/gnu/h-x86_64-mingw32/bin/../lib/gcc/nios2-elf/5.3.0/../../../../../H-x86_64-mingw32/nios2-elf/lib/mno-hw-mul\libc.a(lib_a-getc.o)
 .bss           0x0000000000088f44        0x0 c:/intelfpga_lite/18.1/nios2eds/bin/gnu/h-x86_64-mingw32/bin/../lib/gcc/nios2-elf/5.3.0/../../../../../H-x86_64-mingw32/nios2-elf/lib/mno-hw-mul\libc.a(lib_a-impure.o)
 .bss           0x0000000000088f44        0x0 c:/intelfpga_lite/18.1/nios2eds/bin/gnu/h-x86_64-mingw32/bin/../lib/gcc/nios2-elf/5.3.0/../../../../../H-x86_64-mingw32/nios2-elf/lib/mno-hw-mul\libc.a(lib_a-int_errno.o)
 .bss           0x0000000000088f44        0x0 c:/intelfpga_lite/18.1/nios2eds/bin/gnu/h-x86_64-mingw32/bin/../lib/gcc/nios2-elf/5.3.0/../../../../../H-x86_64-mingw32/nios2-elf/lib/mno-hw-mul\libc.a(lib_a-memcmp.o)
 .bss           0x0000000000088f44        0x0 c:/intelfpga_lite/18.1/nios2eds/bin/gnu/h-x86_64-mingw32/bin/../lib/gcc/nios2-elf/5.3.0/../../../../../H-x86_64-mingw32/nios2-elf/lib/mno-hw-mul\libc.a(lib_a-memcpy.o)
 .bss           0x0000000000088f44        0x0 c:/intelfpga_lite/18.1/nios2eds/bin/gnu/h-x86_64-mingw32/bin/../lib/gcc/nios2-elf/5.3.0/../../../../../H-x86_64-mingw32/nios2-elf/lib/mno-hw-mul\libc.a(lib_a-putc.o)
 .bss           0x0000000000088f44        0x0 c:/intelfpga_lite/18.1/nios2eds/bin/gnu/h-x86_64-mingw32/bin/../lib/gcc/nios2-elf/5.3.0/../../../../../H-x86_64-mingw32/nios2-elf/lib/mno-hw-mul\libc.a(lib_a-rget.o)
 .bss           0x0000000000088f44        0x0 c:/intelfpga_lite/18.1/nios2eds/bin/gnu/h-x86_64-mingw32/bin/../lib/gcc/nios2-elf/5.3.0/../../../../../H-x86_64-mingw32/nios2-elf/lib/mno-hw-mul\libc.a(lib_a-strlen.o)
 .bss           0x0000000000088f44        0x0 c:/intelfpga_lite/18.1/nios2eds/bin/gnu/h-x86_64-mingw32/bin/../lib/gcc/nios2-elf/5.3.0/../../../../../H-x86_64-mingw32/nios2-elf/lib/mno-hw-mul\libc.a(lib_a-wbuf.o)
 .bss           0x0000000000088f44        0x0 c:/intelfpga_lite/18.1/nios2eds/bin/gnu/h-x86_64-mingw32/bin/../lib/gcc/nios2-elf/5.3.0/../../../../../H-x86_64-mingw32/nios2-elf/lib/mno-hw-mul\libc.a(lib_a-wsetup.o)
 .bss           0x0000000000088f44        0x0 c:/intelfpga_lite/18.1/nios2eds/bin/gnu/h-x86_64-mingw32/bin/../lib/gcc/nios2-elf/5.3.0/../../../../../H-x86_64-mingw32/nios2-elf/lib/mno-hw-mul\libc.a(lib_a-__call_atexit.o)
 .bss           0x0000000000088f44        0x0 c:/intelfpga_lite/18.1/nios2eds/bin/gnu/h-x86_64-mingw32/bin/../lib/gcc/nios2-elf/5.3.0/../../../../../H-x86_64-mingw32/nios2-elf/lib/mno-hw-mul\libc.a(lib_a-fflush.o)
 .bss           0x0000000000088f44        0x0 c:/intelfpga_lite/18.1/nios2eds/bin/gnu/h-x86_64-mingw32/bin/../lib/gcc/nios2-elf/5.3.0/../../../../../H-x86_64-mingw32/nios2-elf/lib/mno-hw-mul\libc.a(lib_a-findfp.o)
 .bss           0x0000000000088f44        0x0 c:/intelfpga_lite/18.1/nios2eds/bin/gnu/h-x86_64-mingw32/bin/../lib/gcc/nios2-elf/5.3.0/../../../../../H-x86_64-mingw32/nios2-elf/lib/mno-hw-mul\libc.a(lib_a-freer.o)
 .bss           0x0000000000088f44        0x0 c:/intelfpga_lite/18.1/nios2eds/bin/gnu/h-x86_64-mingw32/bin/../lib/gcc/nios2-elf/5.3.0/../../../../../H-x86_64-mingw32/nios2-elf/lib/mno-hw-mul\libc.a(lib_a-fwalk.o)
 .bss           0x0000000000088f44        0x0 c:/intelfpga_lite/18.1/nios2eds/bin/gnu/h-x86_64-mingw32/bin/../lib/gcc/nios2-elf/5.3.0/../../../../../H-x86_64-mingw32/nios2-elf/lib/mno-hw-mul\libc.a(lib_a-makebuf.o)
 .bss           0x0000000000088f44        0x0 c:/intelfpga_lite/18.1/nios2eds/bin/gnu/h-x86_64-mingw32/bin/../lib/gcc/nios2-elf/5.3.0/../../../../../H-x86_64-mingw32/nios2-elf/lib/mno-hw-mul\libc.a(lib_a-mallocr.o)
 .bss.__malloc_current_mallinfo
                0x0000000000088f44       0x28 c:/intelfpga_lite/18.1/nios2eds/bin/gnu/h-x86_64-mingw32/bin/../lib/gcc/nios2-elf/5.3.0/../../../../../H-x86_64-mingw32/nios2-elf/lib/mno-hw-mul\libc.a(lib_a-mallocr.o)
                0x0000000000088f44                __malloc_current_mallinfo
 .bss           0x0000000000088f6c        0x0 c:/intelfpga_lite/18.1/nios2eds/bin/gnu/h-x86_64-mingw32/bin/../lib/gcc/nios2-elf/5.3.0/../../../../../H-x86_64-mingw32/nios2-elf/lib/mno-hw-mul\libc.a(lib_a-memset.o)
 .bss           0x0000000000088f6c        0x0 c:/intelfpga_lite/18.1/nios2eds/bin/gnu/h-x86_64-mingw32/bin/../lib/gcc/nios2-elf/5.3.0/../../../../../H-x86_64-mingw32/nios2-elf/lib/mno-hw-mul\libc.a(lib_a-refill.o)
 .bss           0x0000000000088f6c        0x0 c:/intelfpga_lite/18.1/nios2eds/bin/gnu/h-x86_64-mingw32/bin/../lib/gcc/nios2-elf/5.3.0/../../../../../H-x86_64-mingw32/nios2-elf/lib/mno-hw-mul\libc.a(lib_a-sbrkr.o)
 .bss           0x0000000000088f6c        0x0 c:/intelfpga_lite/18.1/nios2eds/bin/gnu/h-x86_64-mingw32/bin/../lib/gcc/nios2-elf/5.3.0/../../../../../H-x86_64-mingw32/nios2-elf/lib/mno-hw-mul\libc.a(lib_a-stdio.o)
 .bss           0x0000000000088f6c        0x0 c:/intelfpga_lite/18.1/nios2eds/bin/gnu/h-x86_64-mingw32/bin/../lib/gcc/nios2-elf/5.3.0/../../../../../H-x86_64-mingw32/nios2-elf/lib/mno-hw-mul\libc.a(lib_a-writer.o)
 .bss           0x0000000000088f6c        0x0 c:/intelfpga_lite/18.1/nios2eds/bin/gnu/h-x86_64-mingw32/bin/../lib/gcc/nios2-elf/5.3.0/../../../../../H-x86_64-mingw32/nios2-elf/lib/mno-hw-mul\libc.a(closer.o)
 .bss           0x0000000000088f6c        0x0 c:/intelfpga_lite/18.1/nios2eds/bin/gnu/h-x86_64-mingw32/bin/../lib/gcc/nios2-elf/5.3.0/../../../../../H-x86_64-mingw32/nios2-elf/lib/mno-hw-mul\libc.a(lib_a-fclose.o)
 .bss           0x0000000000088f6c        0x0 c:/intelfpga_lite/18.1/nios2eds/bin/gnu/h-x86_64-mingw32/bin/../lib/gcc/nios2-elf/5.3.0/../../../../../H-x86_64-mingw32/nios2-elf/lib/mno-hw-mul\libc.a(lib_a-fstatr.o)
 .bss           0x0000000000088f6c        0x0 c:/intelfpga_lite/18.1/nios2eds/bin/gnu/h-x86_64-mingw32/bin/../lib/gcc/nios2-elf/5.3.0/../../../../../H-x86_64-mingw32/nios2-elf/lib/mno-hw-mul\libc.a(lib_a-isattyr.o)
 .bss           0x0000000000088f6c        0x0 c:/intelfpga_lite/18.1/nios2eds/bin/gnu/h-x86_64-mingw32/bin/../lib/gcc/nios2-elf/5.3.0/../../../../../H-x86_64-mingw32/nios2-elf/lib/mno-hw-mul\libc.a(lib_a-lseekr.o)
 .bss           0x0000000000088f6c        0x0 c:/intelfpga_lite/18.1/nios2eds/bin/gnu/h-x86_64-mingw32/bin/../lib/gcc/nios2-elf/5.3.0/../../../../../H-x86_64-mingw32/nios2-elf/lib/mno-hw-mul\libc.a(lib_a-readr.o)
 .bss           0x0000000000088f6c        0x0 c:/intelfpga_lite/18.1/nios2eds/bin/gnu/h-x86_64-mingw32/bin/../lib/gcc/nios2-elf/5.3.0/mno-hw-mul\libgcc.a(lib2-mul.o)
 .bss           0x0000000000088f6c        0x0 BSP/\libhal_bsp.a(alt_exit.o)
 .bss           0x0000000000088f6c        0x0 BSP/\libhal_bsp.a(alt_fstat.o)
 .bss           0x0000000000088f6c        0x0 BSP/\libhal_bsp.a(alt_isatty.o)
 .bss           0x0000000000088f6c        0x0 BSP/\libhal_bsp.a(alt_lseek.o)
 .bss           0x0000000000088f6c        0x0 BSP/\libhal_bsp.a(alt_malloc_lock.o)
 .bss           0x0000000000088f6c        0x0 BSP/\libhal_bsp.a(alt_read.o)
 .bss           0x0000000000088f6c        0x0 BSP/\libhal_bsp.a(alt_sbrk.o)
 .bss           0x0000000000088f6c        0x0 BSP/\libhal_bsp.a(alt_write.o)
 *(COMMON)
 COMMON         0x0000000000088f6c      0x100 BSP/\libhal_bsp.a(alt_irq_handler.o)
                0x0000000000088f6c                alt_irq
                0x000000000008906c                . = ALIGN (0x4)
                0x000000000008906c                __bss_end = ABSOLUTE (.)

.main_memory    0x000000000008906c        0x0
                [!provide]                        PROVIDE (_alt_partition_main_memory_start, ABSOLUTE (.))
 *(.main_memory .main_memory. main_memory.*)
                0x000000000008906c                . = ALIGN (0x4)
                [!provide]                        PROVIDE (_alt_partition_main_memory_end, ABSOLUTE (.))
                0x000000000008906c                _end = ABSOLUTE (.)
                0x000000000008906c                end = ABSOLUTE (.)
                0x000000000008906c                __alt_stack_base = ABSOLUTE (.)
                [!provide]                        PROVIDE (_alt_partition_main_memory_load_addr, LOADADDR (.main_memory))

.descriptor_memory
                0x0000000000100000       0x80 load address 0x000000000008906c
                [!provide]                        PROVIDE (_alt_partition_descriptor_memory_start, ABSOLUTE (.))
 *(.descriptor_memory .descriptor_memory. descriptor_memory.*)
 .descriptor_memory
                0x0000000000100000       0x80 obj/default//C/Users/julia/Documents/tse_tutorial/app_software/tse_tutorial.o
                0x0000000000100000                rx_descriptor_end
                0x0000000000100020                rx_descriptor
                0x0000000000100040                tx_descriptor_end
                0x0000000000100060                tx_descriptor
                0x0000000000100080                . = ALIGN (0x4)
                [!provide]                        PROVIDE (_alt_partition_descriptor_memory_end, ABSOLUTE (.))
                [!provide]                        PROVIDE (_alt_partition_descriptor_memory_load_addr, LOADADDR (.descriptor_memory))

.stab
 *(.stab)

.stabstr
 *(.stabstr)

.stab.excl
 *(.stab.excl)

.stab.exclstr
 *(.stab.exclstr)

.stab.index
 *(.stab.index)

.stab.indexstr
 *(.stab.indexstr)

.comment        0x0000000000000000       0x23
 *(.comment)
 .comment       0x0000000000000000       0x23 obj/default//C/Users/julia/Documents/tse_tutorial/app_software/tse_tutorial.o
                                         0x24 (size before relaxing)
 .comment       0x0000000000000023       0x24 BSP/\libhal_bsp.a(alt_getchar.o)
 .comment       0x0000000000000023       0x24 BSP/\libhal_bsp.a(alt_load.o)
 .comment       0x0000000000000023       0x24 BSP/\libhal_bsp.a(alt_main.o)
 .comment       0x0000000000000023       0x24 BSP/\libhal_bsp.a(alt_printf.o)
 .comment       0x0000000000000023       0x24 BSP/\libhal_bsp.a(alt_putchar.o)
 .comment       0x0000000000000023       0x24 BSP/\libhal_bsp.a(alt_sys_init.o)
 .comment       0x0000000000000023       0x24 BSP/\libhal_bsp.a(altera_avalon_jtag_uart_fd.o)
 .comment       0x0000000000000023       0x24 BSP/\libhal_bsp.a(altera_avalon_jtag_uart_init.o)
 .comment       0x0000000000000023       0x24 BSP/\libhal_bsp.a(altera_avalon_jtag_uart_ioctl.o)
 .comment       0x0000000000000023       0x24 BSP/\libhal_bsp.a(altera_avalon_jtag_uart_read.o)
 .comment       0x0000000000000023       0x24 BSP/\libhal_bsp.a(altera_avalon_jtag_uart_write.o)
 .comment       0x0000000000000023       0x24 BSP/\libhal_bsp.a(altera_avalon_sgdma.o)
 .comment       0x0000000000000023       0x24 BSP/\libhal_bsp.a(alt_alarm_start.o)
 .comment       0x0000000000000023       0x24 BSP/\libhal_bsp.a(alt_close.o)
 .comment       0x0000000000000023       0x24 BSP/\libhal_bsp.a(alt_dcache_flush.o)
 .comment       0x0000000000000023       0x24 BSP/\libhal_bsp.a(alt_dcache_flush_all.o)
 .comment       0x0000000000000023       0x24 BSP/\libhal_bsp.a(alt_dev.o)
 .comment       0x0000000000000023       0x24 BSP/\libhal_bsp.a(alt_dev_llist_insert.o)
 .comment       0x0000000000000023       0x24 BSP/\libhal_bsp.a(alt_errno.o)
 .comment       0x0000000000000023       0x24 BSP/\libhal_bsp.a(alt_find_dev.o)
 .comment       0x0000000000000023       0x24 BSP/\libhal_bsp.a(alt_icache_flush_all.o)
 .comment       0x0000000000000023       0x24 BSP/\libhal_bsp.a(alt_iic.o)
 .comment       0x0000000000000023       0x24 BSP/\libhal_bsp.a(alt_iic_isr_register.o)
 .comment       0x0000000000000023       0x24 BSP/\libhal_bsp.a(alt_io_redirect.o)
 .comment       0x0000000000000023       0x24 BSP/\libhal_bsp.a(alt_irq_handler.o)
 .comment       0x0000000000000023       0x24 BSP/\libhal_bsp.a(alt_irq_vars.o)
 .comment       0x0000000000000023       0x24 BSP/\libhal_bsp.a(alt_open.o)
 .comment       0x0000000000000023       0x24 BSP/\libhal_bsp.a(alt_release_fd.o)
 .comment       0x0000000000000023       0x24 BSP/\libhal_bsp.a(alt_tick.o)
 .comment       0x0000000000000023       0x24 BSP/\libhal_bsp.a(altera_nios2_gen2_irq.o)
 .comment       0x0000000000000023       0x24 BSP/\libhal_bsp.a(alt_find_file.o)
 .comment       0x0000000000000023       0x24 BSP/\libhal_bsp.a(alt_get_fd.o)
 .comment       0x0000000000000023       0x24 BSP/\libhal_bsp.a(alt_instruction_exception_entry.o)
 .comment       0x0000000000000023       0x24 c:/intelfpga_lite/18.1/nios2eds/bin/gnu/h-x86_64-mingw32/bin/../lib/gcc/nios2-elf/5.3.0/../../../../../H-x86_64-mingw32/nios2-elf/lib/mno-hw-mul\libc.a(lib_a-exit.o)
 .comment       0x0000000000000023       0x24 c:/intelfpga_lite/18.1/nios2eds/bin/gnu/h-x86_64-mingw32/bin/../lib/gcc/nios2-elf/5.3.0/../../../../../H-x86_64-mingw32/nios2-elf/lib/mno-hw-mul\libc.a(lib_a-getc.o)
 .comment       0x0000000000000023       0x24 c:/intelfpga_lite/18.1/nios2eds/bin/gnu/h-x86_64-mingw32/bin/../lib/gcc/nios2-elf/5.3.0/../../../../../H-x86_64-mingw32/nios2-elf/lib/mno-hw-mul\libc.a(lib_a-impure.o)
 .comment       0x0000000000000023       0x24 c:/intelfpga_lite/18.1/nios2eds/bin/gnu/h-x86_64-mingw32/bin/../lib/gcc/nios2-elf/5.3.0/../../../../../H-x86_64-mingw32/nios2-elf/lib/mno-hw-mul\libc.a(lib_a-int_errno.o)
 .comment       0x0000000000000023       0x24 c:/intelfpga_lite/18.1/nios2eds/bin/gnu/h-x86_64-mingw32/bin/../lib/gcc/nios2-elf/5.3.0/../../../../../H-x86_64-mingw32/nios2-elf/lib/mno-hw-mul\libc.a(lib_a-memcmp.o)
 .comment       0x0000000000000023       0x24 c:/intelfpga_lite/18.1/nios2eds/bin/gnu/h-x86_64-mingw32/bin/../lib/gcc/nios2-elf/5.3.0/../../../../../H-x86_64-mingw32/nios2-elf/lib/mno-hw-mul\libc.a(lib_a-memcpy.o)
 .comment       0x0000000000000023       0x24 c:/intelfpga_lite/18.1/nios2eds/bin/gnu/h-x86_64-mingw32/bin/../lib/gcc/nios2-elf/5.3.0/../../../../../H-x86_64-mingw32/nios2-elf/lib/mno-hw-mul\libc.a(lib_a-putc.o)
 .comment       0x0000000000000023       0x24 c:/intelfpga_lite/18.1/nios2eds/bin/gnu/h-x86_64-mingw32/bin/../lib/gcc/nios2-elf/5.3.0/../../../../../H-x86_64-mingw32/nios2-elf/lib/mno-hw-mul\libc.a(lib_a-rget.o)
 .comment       0x0000000000000023       0x24 c:/intelfpga_lite/18.1/nios2eds/bin/gnu/h-x86_64-mingw32/bin/../lib/gcc/nios2-elf/5.3.0/../../../../../H-x86_64-mingw32/nios2-elf/lib/mno-hw-mul\libc.a(lib_a-strlen.o)
 .comment       0x0000000000000023       0x24 c:/intelfpga_lite/18.1/nios2eds/bin/gnu/h-x86_64-mingw32/bin/../lib/gcc/nios2-elf/5.3.0/../../../../../H-x86_64-mingw32/nios2-elf/lib/mno-hw-mul\libc.a(lib_a-wbuf.o)
 .comment       0x0000000000000023       0x24 c:/intelfpga_lite/18.1/nios2eds/bin/gnu/h-x86_64-mingw32/bin/../lib/gcc/nios2-elf/5.3.0/../../../../../H-x86_64-mingw32/nios2-elf/lib/mno-hw-mul\libc.a(lib_a-wsetup.o)
 .comment       0x0000000000000023       0x24 c:/intelfpga_lite/18.1/nios2eds/bin/gnu/h-x86_64-mingw32/bin/../lib/gcc/nios2-elf/5.3.0/../../../../../H-x86_64-mingw32/nios2-elf/lib/mno-hw-mul\libc.a(lib_a-__call_atexit.o)
 .comment       0x0000000000000023       0x24 c:/intelfpga_lite/18.1/nios2eds/bin/gnu/h-x86_64-mingw32/bin/../lib/gcc/nios2-elf/5.3.0/../../../../../H-x86_64-mingw32/nios2-elf/lib/mno-hw-mul\libc.a(lib_a-fflush.o)
 .comment       0x0000000000000023       0x24 c:/intelfpga_lite/18.1/nios2eds/bin/gnu/h-x86_64-mingw32/bin/../lib/gcc/nios2-elf/5.3.0/../../../../../H-x86_64-mingw32/nios2-elf/lib/mno-hw-mul\libc.a(lib_a-findfp.o)
 .comment       0x0000000000000023       0x24 c:/intelfpga_lite/18.1/nios2eds/bin/gnu/h-x86_64-mingw32/bin/../lib/gcc/nios2-elf/5.3.0/../../../../../H-x86_64-mingw32/nios2-elf/lib/mno-hw-mul\libc.a(lib_a-freer.o)
 .comment       0x0000000000000023       0x24 c:/intelfpga_lite/18.1/nios2eds/bin/gnu/h-x86_64-mingw32/bin/../lib/gcc/nios2-elf/5.3.0/../../../../../H-x86_64-mingw32/nios2-elf/lib/mno-hw-mul\libc.a(lib_a-fwalk.o)
 .comment       0x0000000000000023       0x24 c:/intelfpga_lite/18.1/nios2eds/bin/gnu/h-x86_64-mingw32/bin/../lib/gcc/nios2-elf/5.3.0/../../../../../H-x86_64-mingw32/nios2-elf/lib/mno-hw-mul\libc.a(lib_a-makebuf.o)
 .comment       0x0000000000000023       0x24 c:/intelfpga_lite/18.1/nios2eds/bin/gnu/h-x86_64-mingw32/bin/../lib/gcc/nios2-elf/5.3.0/../../../../../H-x86_64-mingw32/nios2-elf/lib/mno-hw-mul\libc.a(lib_a-mallocr.o)
 .comment       0x0000000000000023       0x24 c:/intelfpga_lite/18.1/nios2eds/bin/gnu/h-x86_64-mingw32/bin/../lib/gcc/nios2-elf/5.3.0/../../../../../H-x86_64-mingw32/nios2-elf/lib/mno-hw-mul\libc.a(lib_a-memset.o)
 .comment       0x0000000000000023       0x24 c:/intelfpga_lite/18.1/nios2eds/bin/gnu/h-x86_64-mingw32/bin/../lib/gcc/nios2-elf/5.3.0/../../../../../H-x86_64-mingw32/nios2-elf/lib/mno-hw-mul\libc.a(lib_a-refill.o)
 .comment       0x0000000000000023       0x24 c:/intelfpga_lite/18.1/nios2eds/bin/gnu/h-x86_64-mingw32/bin/../lib/gcc/nios2-elf/5.3.0/../../../../../H-x86_64-mingw32/nios2-elf/lib/mno-hw-mul\libc.a(lib_a-sbrkr.o)
 .comment       0x0000000000000023       0x24 c:/intelfpga_lite/18.1/nios2eds/bin/gnu/h-x86_64-mingw32/bin/../lib/gcc/nios2-elf/5.3.0/../../../../../H-x86_64-mingw32/nios2-elf/lib/mno-hw-mul\libc.a(lib_a-stdio.o)
 .comment       0x0000000000000023       0x24 c:/intelfpga_lite/18.1/nios2eds/bin/gnu/h-x86_64-mingw32/bin/../lib/gcc/nios2-elf/5.3.0/../../../../../H-x86_64-mingw32/nios2-elf/lib/mno-hw-mul\libc.a(lib_a-writer.o)
 .comment       0x0000000000000023       0x24 c:/intelfpga_lite/18.1/nios2eds/bin/gnu/h-x86_64-mingw32/bin/../lib/gcc/nios2-elf/5.3.0/../../../../../H-x86_64-mingw32/nios2-elf/lib/mno-hw-mul\libc.a(closer.o)
 .comment       0x0000000000000023       0x24 c:/intelfpga_lite/18.1/nios2eds/bin/gnu/h-x86_64-mingw32/bin/../lib/gcc/nios2-elf/5.3.0/../../../../../H-x86_64-mingw32/nios2-elf/lib/mno-hw-mul\libc.a(lib_a-fclose.o)
 .comment       0x0000000000000023       0x24 c:/intelfpga_lite/18.1/nios2eds/bin/gnu/h-x86_64-mingw32/bin/../lib/gcc/nios2-elf/5.3.0/../../../../../H-x86_64-mingw32/nios2-elf/lib/mno-hw-mul\libc.a(lib_a-fstatr.o)
 .comment       0x0000000000000023       0x24 c:/intelfpga_lite/18.1/nios2eds/bin/gnu/h-x86_64-mingw32/bin/../lib/gcc/nios2-elf/5.3.0/../../../../../H-x86_64-mingw32/nios2-elf/lib/mno-hw-mul\libc.a(lib_a-isattyr.o)
 .comment       0x0000000000000023       0x24 c:/intelfpga_lite/18.1/nios2eds/bin/gnu/h-x86_64-mingw32/bin/../lib/gcc/nios2-elf/5.3.0/../../../../../H-x86_64-mingw32/nios2-elf/lib/mno-hw-mul\libc.a(lib_a-lseekr.o)
 .comment       0x0000000000000023       0x24 c:/intelfpga_lite/18.1/nios2eds/bin/gnu/h-x86_64-mingw32/bin/../lib/gcc/nios2-elf/5.3.0/../../../../../H-x86_64-mingw32/nios2-elf/lib/mno-hw-mul\libc.a(lib_a-readr.o)
 .comment       0x0000000000000023       0x24 c:/intelfpga_lite/18.1/nios2eds/bin/gnu/h-x86_64-mingw32/bin/../lib/gcc/nios2-elf/5.3.0/mno-hw-mul\libgcc.a(lib2-mul.o)
 .comment       0x0000000000000023       0x24 BSP/\libhal_bsp.a(alt_exit.o)
 .comment       0x0000000000000023       0x24 BSP/\libhal_bsp.a(alt_fstat.o)
 .comment       0x0000000000000023       0x24 BSP/\libhal_bsp.a(alt_isatty.o)
 .comment       0x0000000000000023       0x24 BSP/\libhal_bsp.a(alt_lseek.o)
 .comment       0x0000000000000023       0x24 BSP/\libhal_bsp.a(alt_malloc_lock.o)
 .comment       0x0000000000000023       0x24 BSP/\libhal_bsp.a(alt_read.o)
 .comment       0x0000000000000023       0x24 BSP/\libhal_bsp.a(alt_sbrk.o)
 .comment       0x0000000000000023       0x24 BSP/\libhal_bsp.a(alt_write.o)

.debug
 *(.debug)

.line
 *(.line)

.debug_srcinfo
 *(.debug_srcinfo)

.debug_sfnames
 *(.debug_sfnames)

.debug_aranges  0x0000000000000000      0xa30
 *(.debug_aranges)
 .debug_aranges
                0x0000000000000000       0x28 BSP//obj/HAL/src/crt0.o
 .debug_aranges
                0x0000000000000028       0x20 obj/default//C/Users/julia/Documents/tse_tutorial/app_software/tse_tutorial.o
 .debug_aranges
                0x0000000000000048       0x20 BSP/\libhal_bsp.a(alt_getchar.o)
 .debug_aranges
                0x0000000000000068       0x20 BSP/\libhal_bsp.a(alt_load.o)
 .debug_aranges
                0x0000000000000088       0x20 BSP/\libhal_bsp.a(alt_main.o)
 .debug_aranges
                0x00000000000000a8       0x20 BSP/\libhal_bsp.a(alt_printf.o)
 .debug_aranges
                0x00000000000000c8       0x20 BSP/\libhal_bsp.a(alt_putchar.o)
 .debug_aranges
                0x00000000000000e8       0x20 BSP/\libhal_bsp.a(alt_sys_init.o)
 .debug_aranges
                0x0000000000000108       0x20 BSP/\libhal_bsp.a(altera_avalon_jtag_uart_fd.o)
 .debug_aranges
                0x0000000000000128       0x20 BSP/\libhal_bsp.a(altera_avalon_jtag_uart_init.o)
 .debug_aranges
                0x0000000000000148       0x20 BSP/\libhal_bsp.a(altera_avalon_jtag_uart_ioctl.o)
 .debug_aranges
                0x0000000000000168       0x20 BSP/\libhal_bsp.a(altera_avalon_jtag_uart_read.o)
 .debug_aranges
                0x0000000000000188       0x20 BSP/\libhal_bsp.a(altera_avalon_jtag_uart_write.o)
 .debug_aranges
                0x00000000000001a8       0x20 BSP/\libhal_bsp.a(altera_avalon_sgdma.o)
 .debug_aranges
                0x00000000000001c8       0x20 BSP/\libhal_bsp.a(alt_alarm_start.o)
 .debug_aranges
                0x00000000000001e8       0x20 BSP/\libhal_bsp.a(alt_close.o)
 .debug_aranges
                0x0000000000000208       0x20 BSP/\libhal_bsp.a(alt_dcache_flush.o)
 .debug_aranges
                0x0000000000000228       0x20 BSP/\libhal_bsp.a(alt_dcache_flush_all.o)
 .debug_aranges
                0x0000000000000248       0x20 BSP/\libhal_bsp.a(alt_dev.o)
 .debug_aranges
                0x0000000000000268       0x20 BSP/\libhal_bsp.a(alt_dev_llist_insert.o)
 .debug_aranges
                0x0000000000000288       0x18 BSP/\libhal_bsp.a(alt_errno.o)
 .debug_aranges
                0x00000000000002a0       0x20 BSP/\libhal_bsp.a(alt_find_dev.o)
 .debug_aranges
                0x00000000000002c0       0x20 BSP/\libhal_bsp.a(alt_icache_flush_all.o)
 .debug_aranges
                0x00000000000002e0       0x20 BSP/\libhal_bsp.a(alt_iic.o)
 .debug_aranges
                0x0000000000000300       0x20 BSP/\libhal_bsp.a(alt_iic_isr_register.o)
 .debug_aranges
                0x0000000000000320       0x20 BSP/\libhal_bsp.a(alt_io_redirect.o)
 .debug_aranges
                0x0000000000000340       0x30 BSP/\libhal_bsp.a(alt_irq_entry.o)
 .debug_aranges
                0x0000000000000370       0x20 BSP/\libhal_bsp.a(alt_irq_handler.o)
 .debug_aranges
                0x0000000000000390       0x18 BSP/\libhal_bsp.a(alt_irq_vars.o)
 .debug_aranges
                0x00000000000003a8       0x20 BSP/\libhal_bsp.a(alt_open.o)
 .debug_aranges
                0x00000000000003c8       0x20 BSP/\libhal_bsp.a(alt_release_fd.o)
 .debug_aranges
                0x00000000000003e8       0x20 BSP/\libhal_bsp.a(alt_tick.o)
 .debug_aranges
                0x0000000000000408       0x20 BSP/\libhal_bsp.a(altera_nios2_gen2_irq.o)
 .debug_aranges
                0x0000000000000428       0x38 BSP/\libhal_bsp.a(alt_exception_entry.o)
 .debug_aranges
                0x0000000000000460       0x20 BSP/\libhal_bsp.a(alt_find_file.o)
 .debug_aranges
                0x0000000000000480       0x20 BSP/\libhal_bsp.a(alt_get_fd.o)
 .debug_aranges
                0x00000000000004a0       0x28 BSP/\libhal_bsp.a(alt_instruction_exception_entry.o)
 .debug_aranges
                0x00000000000004c8       0x20 c:/intelfpga_lite/18.1/nios2eds/bin/gnu/h-x86_64-mingw32/bin/../lib/gcc/nios2-elf/5.3.0/../../../../../H-x86_64-mingw32/nios2-elf/lib/mno-hw-mul\libc.a(lib_a-exit.o)
 .debug_aranges
                0x00000000000004e8       0x28 c:/intelfpga_lite/18.1/nios2eds/bin/gnu/h-x86_64-mingw32/bin/../lib/gcc/nios2-elf/5.3.0/../../../../../H-x86_64-mingw32/nios2-elf/lib/mno-hw-mul\libc.a(lib_a-getc.o)
 .debug_aranges
                0x0000000000000510       0x18 c:/intelfpga_lite/18.1/nios2eds/bin/gnu/h-x86_64-mingw32/bin/../lib/gcc/nios2-elf/5.3.0/../../../../../H-x86_64-mingw32/nios2-elf/lib/mno-hw-mul\libc.a(lib_a-impure.o)
 .debug_aranges
                0x0000000000000528       0x18 c:/intelfpga_lite/18.1/nios2eds/bin/gnu/h-x86_64-mingw32/bin/../lib/gcc/nios2-elf/5.3.0/../../../../../H-x86_64-mingw32/nios2-elf/lib/mno-hw-mul\libc.a(lib_a-int_errno.o)
 .debug_aranges
                0x0000000000000540       0x20 c:/intelfpga_lite/18.1/nios2eds/bin/gnu/h-x86_64-mingw32/bin/../lib/gcc/nios2-elf/5.3.0/../../../../../H-x86_64-mingw32/nios2-elf/lib/mno-hw-mul\libc.a(lib_a-memcmp.o)
 .debug_aranges
                0x0000000000000560       0x20 c:/intelfpga_lite/18.1/nios2eds/bin/gnu/h-x86_64-mingw32/bin/../lib/gcc/nios2-elf/5.3.0/../../../../../H-x86_64-mingw32/nios2-elf/lib/mno-hw-mul\libc.a(lib_a-memcpy.o)
 .debug_aranges
                0x0000000000000580       0x28 c:/intelfpga_lite/18.1/nios2eds/bin/gnu/h-x86_64-mingw32/bin/../lib/gcc/nios2-elf/5.3.0/../../../../../H-x86_64-mingw32/nios2-elf/lib/mno-hw-mul\libc.a(lib_a-putc.o)
 .debug_aranges
                0x00000000000005a8       0x28 c:/intelfpga_lite/18.1/nios2eds/bin/gnu/h-x86_64-mingw32/bin/../lib/gcc/nios2-elf/5.3.0/../../../../../H-x86_64-mingw32/nios2-elf/lib/mno-hw-mul\libc.a(lib_a-rget.o)
 .debug_aranges
                0x00000000000005d0       0x20 c:/intelfpga_lite/18.1/nios2eds/bin/gnu/h-x86_64-mingw32/bin/../lib/gcc/nios2-elf/5.3.0/../../../../../H-x86_64-mingw32/nios2-elf/lib/mno-hw-mul\libc.a(lib_a-strlen.o)
 .debug_aranges
                0x00000000000005f0       0x28 c:/intelfpga_lite/18.1/nios2eds/bin/gnu/h-x86_64-mingw32/bin/../lib/gcc/nios2-elf/5.3.0/../../../../../H-x86_64-mingw32/nios2-elf/lib/mno-hw-mul\libc.a(lib_a-wbuf.o)
 .debug_aranges
                0x0000000000000618       0x20 c:/intelfpga_lite/18.1/nios2eds/bin/gnu/h-x86_64-mingw32/bin/../lib/gcc/nios2-elf/5.3.0/../../../../../H-x86_64-mingw32/nios2-elf/lib/mno-hw-mul\libc.a(lib_a-wsetup.o)
 .debug_aranges
                0x0000000000000638       0x20 c:/intelfpga_lite/18.1/nios2eds/bin/gnu/h-x86_64-mingw32/bin/../lib/gcc/nios2-elf/5.3.0/../../../../../H-x86_64-mingw32/nios2-elf/lib/mno-hw-mul\libc.a(lib_a-__call_atexit.o)
 .debug_aranges
                0x0000000000000658       0x30 c:/intelfpga_lite/18.1/nios2eds/bin/gnu/h-x86_64-mingw32/bin/../lib/gcc/nios2-elf/5.3.0/../../../../../H-x86_64-mingw32/nios2-elf/lib/mno-hw-mul\libc.a(lib_a-fflush.o)
 .debug_aranges
                0x0000000000000688       0x68 c:/intelfpga_lite/18.1/nios2eds/bin/gnu/h-x86_64-mingw32/bin/../lib/gcc/nios2-elf/5.3.0/../../../../../H-x86_64-mingw32/nios2-elf/lib/mno-hw-mul\libc.a(lib_a-findfp.o)
 .debug_aranges
                0x00000000000006f0       0x28 c:/intelfpga_lite/18.1/nios2eds/bin/gnu/h-x86_64-mingw32/bin/../lib/gcc/nios2-elf/5.3.0/../../../../../H-x86_64-mingw32/nios2-elf/lib/mno-hw-mul\libc.a(lib_a-freer.o)
 .debug_aranges
                0x0000000000000718       0x28 c:/intelfpga_lite/18.1/nios2eds/bin/gnu/h-x86_64-mingw32/bin/../lib/gcc/nios2-elf/5.3.0/../../../../../H-x86_64-mingw32/nios2-elf/lib/mno-hw-mul\libc.a(lib_a-fwalk.o)
 .debug_aranges
                0x0000000000000740       0x20 c:/intelfpga_lite/18.1/nios2eds/bin/gnu/h-x86_64-mingw32/bin/../lib/gcc/nios2-elf/5.3.0/../../../../../H-x86_64-mingw32/nios2-elf/lib/mno-hw-mul\libc.a(lib_a-makebuf.o)
 .debug_aranges
                0x0000000000000760       0x20 c:/intelfpga_lite/18.1/nios2eds/bin/gnu/h-x86_64-mingw32/bin/../lib/gcc/nios2-elf/5.3.0/../../../../../H-x86_64-mingw32/nios2-elf/lib/mno-hw-mul\libc.a(lib_a-mallocr.o)
 .debug_aranges
                0x0000000000000780       0x20 c:/intelfpga_lite/18.1/nios2eds/bin/gnu/h-x86_64-mingw32/bin/../lib/gcc/nios2-elf/5.3.0/../../../../../H-x86_64-mingw32/nios2-elf/lib/mno-hw-mul\libc.a(lib_a-memset.o)
 .debug_aranges
                0x00000000000007a0       0x28 c:/intelfpga_lite/18.1/nios2eds/bin/gnu/h-x86_64-mingw32/bin/../lib/gcc/nios2-elf/5.3.0/../../../../../H-x86_64-mingw32/nios2-elf/lib/mno-hw-mul\libc.a(lib_a-refill.o)
 .debug_aranges
                0x00000000000007c8       0x20 c:/intelfpga_lite/18.1/nios2eds/bin/gnu/h-x86_64-mingw32/bin/../lib/gcc/nios2-elf/5.3.0/../../../../../H-x86_64-mingw32/nios2-elf/lib/mno-hw-mul\libc.a(lib_a-sbrkr.o)
 .debug_aranges
                0x00000000000007e8       0x40 c:/intelfpga_lite/18.1/nios2eds/bin/gnu/h-x86_64-mingw32/bin/../lib/gcc/nios2-elf/5.3.0/../../../../../H-x86_64-mingw32/nios2-elf/lib/mno-hw-mul\libc.a(lib_a-stdio.o)
 .debug_aranges
                0x0000000000000828       0x20 c:/intelfpga_lite/18.1/nios2eds/bin/gnu/h-x86_64-mingw32/bin/../lib/gcc/nios2-elf/5.3.0/../../../../../H-x86_64-mingw32/nios2-elf/lib/mno-hw-mul\libc.a(lib_a-writer.o)
 .debug_aranges
                0x0000000000000848       0x20 c:/intelfpga_lite/18.1/nios2eds/bin/gnu/h-x86_64-mingw32/bin/../lib/gcc/nios2-elf/5.3.0/../../../../../H-x86_64-mingw32/nios2-elf/lib/mno-hw-mul\libc.a(closer.o)
 .debug_aranges
                0x0000000000000868       0x28 c:/intelfpga_lite/18.1/nios2eds/bin/gnu/h-x86_64-mingw32/bin/../lib/gcc/nios2-elf/5.3.0/../../../../../H-x86_64-mingw32/nios2-elf/lib/mno-hw-mul\libc.a(lib_a-fclose.o)
 .debug_aranges
                0x0000000000000890       0x20 c:/intelfpga_lite/18.1/nios2eds/bin/gnu/h-x86_64-mingw32/bin/../lib/gcc/nios2-elf/5.3.0/../../../../../H-x86_64-mingw32/nios2-elf/lib/mno-hw-mul\libc.a(lib_a-fstatr.o)
 .debug_aranges
                0x00000000000008b0       0x20 c:/intelfpga_lite/18.1/nios2eds/bin/gnu/h-x86_64-mingw32/bin/../lib/gcc/nios2-elf/5.3.0/../../../../../H-x86_64-mingw32/nios2-elf/lib/mno-hw-mul\libc.a(lib_a-isattyr.o)
 .debug_aranges
                0x00000000000008d0       0x20 c:/intelfpga_lite/18.1/nios2eds/bin/gnu/h-x86_64-mingw32/bin/../lib/gcc/nios2-elf/5.3.0/../../../../../H-x86_64-mingw32/nios2-elf/lib/mno-hw-mul\libc.a(lib_a-lseekr.o)
 .debug_aranges
                0x00000000000008f0       0x20 c:/intelfpga_lite/18.1/nios2eds/bin/gnu/h-x86_64-mingw32/bin/../lib/gcc/nios2-elf/5.3.0/../../../../../H-x86_64-mingw32/nios2-elf/lib/mno-hw-mul\libc.a(lib_a-readr.o)
 .debug_aranges
                0x0000000000000910       0x20 c:/intelfpga_lite/18.1/nios2eds/bin/gnu/h-x86_64-mingw32/bin/../lib/gcc/nios2-elf/5.3.0/mno-hw-mul\libgcc.a(lib2-mul.o)
 .debug_aranges
                0x0000000000000930       0x20 BSP/\libhal_bsp.a(alt_exit.o)
 .debug_aranges
                0x0000000000000950       0x20 BSP/\libhal_bsp.a(alt_fstat.o)
 .debug_aranges
                0x0000000000000970       0x20 BSP/\libhal_bsp.a(alt_isatty.o)
 .debug_aranges
                0x0000000000000990       0x20 BSP/\libhal_bsp.a(alt_lseek.o)
 .debug_aranges
                0x00000000000009b0       0x20 BSP/\libhal_bsp.a(alt_malloc_lock.o)
 .debug_aranges
                0x00000000000009d0       0x20 BSP/\libhal_bsp.a(alt_read.o)
 .debug_aranges
                0x00000000000009f0       0x20 BSP/\libhal_bsp.a(alt_sbrk.o)
 .debug_aranges
                0x0000000000000a10       0x20 BSP/\libhal_bsp.a(alt_write.o)

.debug_pubnames
 *(.debug_pubnames)

.debug_info     0x0000000000000000    0x18fcf
 *(.debug_info .gnu.linkonce.wi.*)
 .debug_info    0x0000000000000000       0x6b BSP//obj/HAL/src/crt0.o
 .debug_info    0x000000000000006b      0x64b obj/default//C/Users/julia/Documents/tse_tutorial/app_software/tse_tutorial.o
 .debug_info    0x00000000000006b6      0x8ae BSP/\libhal_bsp.a(alt_getchar.o)
 .debug_info    0x0000000000000f64      0x1c9 BSP/\libhal_bsp.a(alt_load.o)
 .debug_info    0x000000000000112d      0x1e5 BSP/\libhal_bsp.a(alt_main.o)
 .debug_info    0x0000000000001312      0x171 BSP/\libhal_bsp.a(alt_printf.o)
 .debug_info    0x0000000000001483      0x8c3 BSP/\libhal_bsp.a(alt_putchar.o)
 .debug_info    0x0000000000001d46      0x71f BSP/\libhal_bsp.a(alt_sys_init.o)
 .debug_info    0x0000000000002465      0x5b9 BSP/\libhal_bsp.a(altera_avalon_jtag_uart_fd.o)
 .debug_info    0x0000000000002a1e      0x3eb BSP/\libhal_bsp.a(altera_avalon_jtag_uart_init.o)
 .debug_info    0x0000000000002e09      0x281 BSP/\libhal_bsp.a(altera_avalon_jtag_uart_ioctl.o)
 .debug_info    0x000000000000308a      0x372 BSP/\libhal_bsp.a(altera_avalon_jtag_uart_read.o)
 .debug_info    0x00000000000033fc      0x36b BSP/\libhal_bsp.a(altera_avalon_jtag_uart_write.o)
 .debug_info    0x0000000000003767      0xdd4 BSP/\libhal_bsp.a(altera_avalon_sgdma.o)
 .debug_info    0x000000000000453b      0x2bd BSP/\libhal_bsp.a(alt_alarm_start.o)
 .debug_info    0x00000000000047f8      0x378 BSP/\libhal_bsp.a(alt_close.o)
 .debug_info    0x0000000000004b70       0xba BSP/\libhal_bsp.a(alt_dcache_flush.o)
 .debug_info    0x0000000000004c2a       0x92 BSP/\libhal_bsp.a(alt_dcache_flush_all.o)
 .debug_info    0x0000000000004cbc      0x499 BSP/\libhal_bsp.a(alt_dev.o)
 .debug_info    0x0000000000005155      0x1b3 BSP/\libhal_bsp.a(alt_dev_llist_insert.o)
 .debug_info    0x0000000000005308       0xa6 BSP/\libhal_bsp.a(alt_errno.o)
 .debug_info    0x00000000000053ae      0x32d BSP/\libhal_bsp.a(alt_find_dev.o)
 .debug_info    0x00000000000056db       0x92 BSP/\libhal_bsp.a(alt_icache_flush_all.o)
 .debug_info    0x000000000000576d      0x38b BSP/\libhal_bsp.a(alt_iic.o)
 .debug_info    0x0000000000005af8      0x236 BSP/\libhal_bsp.a(alt_iic_isr_register.o)
 .debug_info    0x0000000000005d2e      0x564 BSP/\libhal_bsp.a(alt_io_redirect.o)
 .debug_info    0x0000000000006292       0x74 BSP/\libhal_bsp.a(alt_irq_entry.o)
 .debug_info    0x0000000000006306      0x184 BSP/\libhal_bsp.a(alt_irq_handler.o)
 .debug_info    0x000000000000648a       0x88 BSP/\libhal_bsp.a(alt_irq_vars.o)
 .debug_info    0x0000000000006512      0x494 BSP/\libhal_bsp.a(alt_open.o)
 .debug_info    0x00000000000069a6      0x2b1 BSP/\libhal_bsp.a(alt_release_fd.o)
 .debug_info    0x0000000000006c57      0x2a9 BSP/\libhal_bsp.a(alt_tick.o)
 .debug_info    0x0000000000006f00       0x92 BSP/\libhal_bsp.a(altera_nios2_gen2_irq.o)
 .debug_info    0x0000000000006f92       0x7a BSP/\libhal_bsp.a(alt_exception_entry.o)
 .debug_info    0x000000000000700c      0x329 BSP/\libhal_bsp.a(alt_find_file.o)
 .debug_info    0x0000000000007335      0x313 BSP/\libhal_bsp.a(alt_get_fd.o)
 .debug_info    0x0000000000007648      0x1fd BSP/\libhal_bsp.a(alt_instruction_exception_entry.o)
 .debug_info    0x0000000000007845      0x8e4 c:/intelfpga_lite/18.1/nios2eds/bin/gnu/h-x86_64-mingw32/bin/../lib/gcc/nios2-elf/5.3.0/../../../../../H-x86_64-mingw32/nios2-elf/lib/mno-hw-mul\libc.a(lib_a-exit.o)
 .debug_info    0x0000000000008129      0x9a2 c:/intelfpga_lite/18.1/nios2eds/bin/gnu/h-x86_64-mingw32/bin/../lib/gcc/nios2-elf/5.3.0/../../../../../H-x86_64-mingw32/nios2-elf/lib/mno-hw-mul\libc.a(lib_a-getc.o)
 .debug_info    0x0000000000008acb      0x8a1 c:/intelfpga_lite/18.1/nios2eds/bin/gnu/h-x86_64-mingw32/bin/../lib/gcc/nios2-elf/5.3.0/../../../../../H-x86_64-mingw32/nios2-elf/lib/mno-hw-mul\libc.a(lib_a-impure.o)
 .debug_info    0x000000000000936c       0x8a c:/intelfpga_lite/18.1/nios2eds/bin/gnu/h-x86_64-mingw32/bin/../lib/gcc/nios2-elf/5.3.0/../../../../../H-x86_64-mingw32/nios2-elf/lib/mno-hw-mul\libc.a(lib_a-int_errno.o)
 .debug_info    0x00000000000093f6      0x11a c:/intelfpga_lite/18.1/nios2eds/bin/gnu/h-x86_64-mingw32/bin/../lib/gcc/nios2-elf/5.3.0/../../../../../H-x86_64-mingw32/nios2-elf/lib/mno-hw-mul\libc.a(lib_a-memcmp.o)
 .debug_info    0x0000000000009510      0x144 c:/intelfpga_lite/18.1/nios2eds/bin/gnu/h-x86_64-mingw32/bin/../lib/gcc/nios2-elf/5.3.0/../../../../../H-x86_64-mingw32/nios2-elf/lib/mno-hw-mul\libc.a(lib_a-memcpy.o)
 .debug_info    0x0000000000009654      0x9b4 c:/intelfpga_lite/18.1/nios2eds/bin/gnu/h-x86_64-mingw32/bin/../lib/gcc/nios2-elf/5.3.0/../../../../../H-x86_64-mingw32/nios2-elf/lib/mno-hw-mul\libc.a(lib_a-putc.o)